Java HotSpot(TM) 64-Bit Server VM (25.60-b23) for linux-amd64 JRE (1.8.0_60-b27), built on Aug  4 2015 12:19:40 by "java_re" with gcc 4.3.0 20080428 (Red Hat 4.3.0-8)
Memory: 4k page, physical 66063872k(31430304k free), swap 15624188k(15624188k free)
CommandLine flags: -XX:InitialHeapSize=1057021952 -XX:MaxHeapSize=16912351232 -XX:+PrintGC -XX:+PrintGCDateStamps -XX:+PrintGCTimeStamps -XX:+UseCompressedClassPointers -XX:+UseCompressedOops -XX:+UseParallelGC 
2016-02-07T04:29:52.388-0800: 28.965: [GC (Allocation Failure)  258560K->12224K(991232K), 0.0093951 secs]
2016-02-07T04:29:55.030-0800: 31.607: [GC (Allocation Failure)  270784K->9337K(991232K), 0.0093262 secs]
2016-02-07T04:29:57.991-0800: 34.568: [GC (Allocation Failure)  267897K->9377K(991232K), 0.0149512 secs]
2016-02-07T04:30:00.810-0800: 37.387: [GC (Allocation Failure)  267937K->9353K(991232K), 0.0225004 secs]
2016-02-07T04:30:03.318-0800: 39.895: [GC (Allocation Failure)  267913K->9313K(951808K), 0.0253762 secs]
2016-02-07T04:30:05.803-0800: 42.380: [GC (Allocation Failure)  261729K->9321K(945664K), 0.0123906 secs]
2016-02-07T04:30:08.257-0800: 44.835: [GC (Allocation Failure)  255593K->9319K(930816K), 0.0358953 secs]
2016-02-07T04:30:11.325-0800: 47.903: [GC (Allocation Failure)  249959K->9383K(925184K), 0.0168313 secs]
2016-02-07T04:30:14.095-0800: 50.673: [GC (Allocation Failure)  244391K->9351K(920064K), 0.0259230 secs]
2016-02-07T04:30:16.350-0800: 52.927: [GC (Allocation Failure)  239239K->9287K(914944K), 0.0202364 secs]
2016-02-07T04:30:18.427-0800: 55.004: [GC (Allocation Failure)  234055K->9415K(925184K), 0.0127974 secs]
2016-02-07T04:30:20.479-0800: 57.057: [GC (Allocation Failure)  229063K->9351K(905216K), 0.0287378 secs]
2016-02-07T04:30:22.498-0800: 59.076: [GC (Allocation Failure)  224391K->9351K(920576K), 0.0339391 secs]
2016-02-07T04:30:24.557-0800: 61.135: [GC (Allocation Failure)  224391K->9415K(1048064K), 0.0338827 secs]
2016-02-07T04:30:27.867-0800: 64.445: [GC (Allocation Failure)  353479K->9351K(1024512K), 0.0103316 secs]
2016-02-07T04:30:30.896-0800: 67.474: [GC (Allocation Failure)  343687K->9351K(1019392K), 0.0150588 secs]
2016-02-07T04:30:33.860-0800: 70.438: [GC (Allocation Failure)  334471K->9399K(1006592K), 0.0246090 secs]
2016-02-07T04:30:36.789-0800: 73.366: [GC (Allocation Failure)  325815K->9335K(997888K), 0.0371198 secs]
2016-02-07T04:30:39.617-0800: 76.195: [GC (Allocation Failure)  317047K->9367K(1002496K), 0.0103913 secs]
2016-02-07T04:30:42.471-0800: 79.049: [GC (Allocation Failure)  308887K->9367K(982016K), 0.0210553 secs]
2016-02-07T04:30:45.121-0800: 81.698: [GC (Allocation Failure)  301207K->9335K(985600K), 0.0190655 secs]
2016-02-07T04:30:47.682-0800: 84.259: [GC (Allocation Failure)  293495K->9431K(967168K), 0.0265582 secs]
2016-02-07T04:30:50.215-0800: 86.793: [GC (Allocation Failure)  286423K->9399K(970752K), 0.0258897 secs]
2016-02-07T04:30:52.704-0800: 89.281: [GC (Allocation Failure)  279735K->9431K(953856K), 0.0141781 secs]
2016-02-07T04:30:55.214-0800: 91.791: [GC (Allocation Failure)  273111K->9367K(956416K), 0.0320543 secs]
2016-02-07T04:30:57.487-0800: 94.065: [GC (Allocation Failure)  266391K->9399K(985600K), 0.0337372 secs]
2016-02-07T04:31:00.150-0800: 96.728: [GC (Allocation Failure)  296119K->9367K(984576K), 0.0513741 secs]
2016-02-07T04:31:02.920-0800: 99.497: [GC (Allocation Failure)  296087K->9367K(1070080K), 0.0087251 secs]
2016-02-07T04:31:06.503-0800: 103.080: [GC (Allocation Failure)  382103K->9367K(1052160K), 0.0144651 secs]
2016-02-07T04:31:09.820-0800: 106.397: [GC (Allocation Failure)  371351K->9431K(1041920K), 0.0256371 secs]
2016-02-07T04:31:13.056-0800: 109.633: [GC (Allocation Failure)  361175K->9335K(1057280K), 0.0510927 secs]
2016-02-07T04:31:16.398-0800: 112.976: [GC (Allocation Failure)  370295K->9431K(1040896K), 0.0027980 secs]
2016-02-07T04:31:19.555-0800: 116.133: [GC (Allocation Failure)  360151K->9367K(1036288K), 0.0029213 secs]
2016-02-07T04:31:22.685-0800: 119.263: [GC (Allocation Failure)  350359K->9399K(1021952K), 0.0028067 secs]
2016-02-07T04:31:25.800-0800: 122.377: [GC (Allocation Failure)  341175K->9399K(1017344K), 0.0030104 secs]
2016-02-07T04:31:28.869-0800: 125.446: [GC (Allocation Failure)  331959K->9399K(1004032K), 0.0039235 secs]
2016-02-07T04:31:31.904-0800: 128.481: [GC (Allocation Failure)  323255K->9399K(999424K), 0.0105295 secs]
2016-02-07T04:31:34.786-0800: 131.363: [GC (Allocation Failure)  315063K->9367K(987648K), 0.0130301 secs]
2016-02-07T04:31:37.920-0800: 134.498: [GC (Allocation Failure)  306839K->9399K(983040K), 0.0196792 secs]
2016-02-07T04:31:40.623-0800: 137.201: [GC (Allocation Failure)  299191K->9335K(972800K), 0.0125325 secs]
2016-02-07T04:31:43.230-0800: 139.807: [GC (Allocation Failure)  291959K->9399K(968192K), 0.0354248 secs]
2016-02-07T04:31:45.878-0800: 142.456: [GC (Allocation Failure)  284855K->9431K(958976K), 0.0296284 secs]
2016-02-07T04:31:48.422-0800: 144.999: [GC (Allocation Failure)  278231K->9367K(954880K), 0.0262568 secs]
2016-02-07T04:31:51.007-0800: 147.585: [GC (Allocation Failure)  271511K->9431K(1010176K), 0.0523617 secs]
2016-02-07T04:31:53.937-0800: 150.514: [GC (Allocation Failure)  329431K->9367K(1003520K), 0.0118610 secs]
2016-02-07T04:31:56.776-0800: 153.353: [GC (Allocation Failure)  320663K->9367K(1070080K), 0.0364859 secs]
2016-02-07T04:32:00.414-0800: 156.991: [GC (Allocation Failure)  389271K->9399K(1060352K), 0.0231931 secs]
2016-02-07T04:32:03.890-0800: 160.468: [GC (Allocation Failure)  378039K->9367K(1048064K), 0.0129352 secs]
2016-02-07T04:32:07.276-0800: 163.854: [GC (Allocation Failure)  367255K->9367K(1039360K), 0.0375849 secs]
2016-02-07T04:32:10.556-0800: 167.133: [GC (Allocation Failure)  357015K->9399K(1111040K), 0.0476996 secs]
2016-02-07T04:32:14.676-0800: 171.253: [GC (Allocation Failure)  430263K->9367K(1127936K), 0.0442262 secs]
2016-02-07T04:32:18.811-0800: 175.388: [GC (Allocation Failure)  446103K->9335K(1113600K), 0.0218669 secs]
2016-02-07T04:32:23.165-0800: 179.742: [GC (Allocation Failure)  432759K->9367K(1101824K), 0.0165198 secs]
2016-02-07T04:32:27.046-0800: 183.624: [GC (Allocation Failure)  419991K->9367K(1088512K), 0.0101469 secs]
2016-02-07T04:32:30.791-0800: 187.369: [GC (Allocation Failure)  407703K->9399K(1077760K), 0.0040319 secs]
2016-02-07T04:32:34.178-0800: 190.756: [GC (Allocation Failure)  395959K->9399K(1065472K), 0.0259337 secs]
2016-02-07T04:32:37.533-0800: 194.111: [GC (Allocation Failure)  384695K->9399K(1055232K), 0.0232653 secs]
2016-02-07T04:32:40.772-0800: 197.349: [GC (Allocation Failure)  373943K->9367K(1044480K), 0.0038217 secs]
2016-02-07T04:32:43.888-0800: 200.465: [GC (Allocation Failure)  363671K->9367K(1034752K), 0.0194862 secs]
2016-02-07T04:32:47.055-0800: 203.633: [GC (Allocation Failure)  353431K->9431K(1024512K), 0.0100685 secs]
2016-02-07T04:32:50.048-0800: 206.625: [GC (Allocation Failure)  343767K->9335K(1015808K), 0.0118705 secs]
2016-02-07T04:32:53.028-0800: 209.606: [GC (Allocation Failure)  334455K->9399K(1006592K), 0.0082471 secs]
2016-02-07T04:32:55.874-0800: 212.451: [GC (Allocation Failure)  325815K->9399K(998400K), 0.0192829 secs]
2016-02-07T04:32:58.717-0800: 215.294: [GC (Allocation Failure)  317111K->9367K(989696K), 0.0170816 secs]
2016-02-07T04:33:01.463-0800: 218.041: [GC (Allocation Failure)  308887K->9431K(982528K), 0.0044052 secs]
2016-02-07T04:33:04.145-0800: 220.723: [GC (Allocation Failure)  301271K->9367K(974336K), 0.0023175 secs]
2016-02-07T04:33:06.924-0800: 223.501: [GC (Allocation Failure)  293527K->9463K(967168K), 0.0124321 secs]
2016-02-07T04:33:09.391-0800: 225.968: [GC (Allocation Failure)  286455K->9399K(960512K), 0.0116451 secs]
2016-02-07T04:33:11.723-0800: 228.300: [GC (Allocation Failure)  279735K->9367K(953856K), 0.0133050 secs]
2016-02-07T04:33:14.560-0800: 231.137: [GC (Allocation Failure)  273047K->9271K(947200K), 0.0048538 secs]
2016-02-07T04:33:17.100-0800: 233.677: [GC (Allocation Failure)  266295K->9335K(941056K), 0.0030072 secs]
2016-02-07T04:33:19.664-0800: 236.241: [GC (Allocation Failure)  260215K->9271K(934912K), 0.0048131 secs]
2016-02-07T04:33:22.088-0800: 238.665: [GC (Allocation Failure)  254007K->9399K(929280K), 0.0020612 secs]
2016-02-07T04:33:24.271-0800: 240.848: [GC (Allocation Failure)  248503K->9271K(923648K), 0.0052423 secs]
2016-02-07T04:33:27.059-0800: 243.636: [GC (Allocation Failure)  242743K->9271K(918528K), 0.0045534 secs]
2016-02-07T04:33:29.991-0800: 246.568: [GC (Allocation Failure)  237623K->9271K(913408K), 0.0044626 secs]
2016-02-07T04:33:32.457-0800: 249.034: [GC (Allocation Failure)  232503K->9271K(908288K), 0.0035225 secs]
2016-02-07T04:33:34.879-0800: 251.456: [GC (Allocation Failure)  227383K->9399K(903680K), 0.0020666 secs]
2016-02-07T04:33:36.794-0800: 253.371: [GC (Allocation Failure)  222903K->9271K(899072K), 0.0047838 secs]
2016-02-07T04:33:38.805-0800: 255.383: [GC (Allocation Failure)  218167K->9367K(894464K), 0.0028540 secs]
2016-02-07T04:33:40.780-0800: 257.357: [GC (Allocation Failure)  213655K->9271K(890368K), 0.0051255 secs]
2016-02-07T04:33:43.039-0800: 259.617: [GC (Allocation Failure)  209463K->9367K(886272K), 0.0028771 secs]
2016-02-07T04:33:44.936-0800: 261.513: [GC (Allocation Failure)  205463K->9271K(882176K), 0.0114157 secs]
2016-02-07T04:33:47.219-0800: 263.796: [GC (Allocation Failure)  201271K->9303K(878592K), 0.0037374 secs]
2016-02-07T04:33:49.222-0800: 265.799: [GC (Allocation Failure)  197719K->9367K(875008K), 0.0179537 secs]
2016-02-07T04:33:51.348-0800: 267.926: [GC (Allocation Failure)  194199K->9271K(871424K), 0.0039414 secs]
2016-02-07T04:33:53.154-0800: 269.731: [GC (Allocation Failure)  190519K->9271K(867840K), 0.0048223 secs]
2016-02-07T04:33:55.074-0800: 271.652: [GC (Allocation Failure)  186935K->9367K(864256K), 0.0030154 secs]
2016-02-07T04:33:57.015-0800: 273.592: [GC (Allocation Failure)  183447K->9271K(861184K), 0.0051950 secs]
2016-02-07T04:33:58.751-0800: 275.328: [GC (Allocation Failure)  180279K->9271K(858112K), 0.0046253 secs]
2016-02-07T04:34:00.661-0800: 277.238: [GC (Allocation Failure)  177207K->9335K(855040K), 0.0034371 secs]
2016-02-07T04:34:02.516-0800: 279.093: [GC (Allocation Failure)  174199K->9271K(851968K), 0.0043710 secs]
2016-02-07T04:34:04.391-0800: 280.969: [GC (Allocation Failure)  171063K->9271K(848896K), 0.0042578 secs]
2016-02-07T04:34:06.272-0800: 282.850: [GC (Allocation Failure)  167991K->9271K(846336K), 0.0048687 secs]
2016-02-07T04:34:08.190-0800: 284.767: [GC (Allocation Failure)  165431K->9271K(843776K), 0.0046500 secs]
2016-02-07T04:34:10.012-0800: 286.590: [GC (Allocation Failure)  162871K->9271K(841216K), 0.0045818 secs]
2016-02-07T04:34:11.809-0800: 288.387: [GC (Allocation Failure)  160311K->9303K(838656K), 0.0043589 secs]
2016-02-07T04:34:13.709-0800: 290.286: [GC (Allocation Failure)  157783K->9271K(836096K), 0.0049048 secs]
2016-02-07T04:34:15.768-0800: 292.346: [GC (Allocation Failure)  155191K->9271K(833536K), 0.0048010 secs]
2016-02-07T04:34:17.529-0800: 294.106: [GC (Allocation Failure)  152631K->9271K(831488K), 0.0054521 secs]
2016-02-07T04:34:19.072-0800: 295.650: [GC (Allocation Failure)  150583K->9303K(829440K), 0.0042437 secs]
2016-02-07T04:34:20.694-0800: 297.271: [GC (Allocation Failure)  148567K->9367K(827392K), 0.0028058 secs]
2016-02-07T04:34:22.124-0800: 298.702: [GC (Allocation Failure)  146583K->9303K(825344K), 0.0031879 secs]
2016-02-07T04:34:23.771-0800: 300.348: [GC (Allocation Failure)  144471K->9399K(823296K), 0.0036252 secs]
2016-02-07T04:34:25.301-0800: 301.879: [GC (Allocation Failure)  142519K->9271K(821248K), 0.0045308 secs]
2016-02-07T04:34:26.901-0800: 303.479: [GC (Allocation Failure)  140343K->9271K(819200K), 0.0046096 secs]
2016-02-07T04:34:28.430-0800: 305.008: [GC (Allocation Failure)  138295K->9271K(817152K), 0.0046194 secs]
2016-02-07T04:34:30.021-0800: 306.599: [GC (Allocation Failure)  136247K->9271K(815104K), 0.0042230 secs]
2016-02-07T04:34:31.392-0800: 307.970: [GC (Allocation Failure)  134199K->9271K(813568K), 0.0041885 secs]
2016-02-07T04:34:32.792-0800: 309.370: [GC (Allocation Failure)  132663K->9335K(812032K), 0.0035318 secs]
2016-02-07T04:34:34.283-0800: 310.860: [GC (Allocation Failure)  131191K->9335K(810496K), 0.0029518 secs]
2016-02-07T04:34:35.801-0800: 312.379: [GC (Allocation Failure)  129655K->9367K(808960K), 0.0042911 secs]
2016-02-07T04:34:36.960-0800: 313.538: [GC (Allocation Failure)  128151K->9271K(807424K), 0.0036993 secs]
2016-02-07T04:34:38.349-0800: 314.927: [GC (Allocation Failure)  126519K->9367K(805888K), 0.0031448 secs]
2016-02-07T04:34:39.647-0800: 316.225: [GC (Allocation Failure)  125079K->9399K(804352K), 0.0029622 secs]
2016-02-07T04:34:41.068-0800: 317.645: [GC (Allocation Failure)  123575K->9303K(802816K), 0.0035661 secs]
2016-02-07T04:34:42.149-0800: 318.726: [GC (Allocation Failure)  121943K->9303K(801280K), 0.0039012 secs]
2016-02-07T04:34:43.388-0800: 319.965: [GC (Allocation Failure)  120407K->9399K(799744K), 0.0036046 secs]
2016-02-07T04:34:44.520-0800: 321.097: [GC (Allocation Failure)  118967K->9271K(798208K), 0.0038757 secs]
2016-02-07T04:34:45.773-0800: 322.350: [GC (Allocation Failure)  117303K->9303K(796672K), 0.0040054 secs]
2016-02-07T04:34:46.947-0800: 323.525: [GC (Allocation Failure)  115799K->9271K(795136K), 0.0043259 secs]
2016-02-07T04:34:48.105-0800: 324.682: [GC (Allocation Failure)  114231K->9335K(794112K), 0.0035120 secs]
2016-02-07T04:34:49.202-0800: 325.779: [GC (Allocation Failure)  113271K->9271K(793088K), 0.0040121 secs]
2016-02-07T04:34:50.382-0800: 326.960: [GC (Allocation Failure)  112183K->9367K(792064K), 0.0038470 secs]
2016-02-07T04:34:51.450-0800: 328.027: [GC (Allocation Failure)  111255K->9271K(791040K), 0.0034410 secs]
2016-02-07T04:34:52.652-0800: 329.229: [GC (Allocation Failure)  110135K->9303K(790016K), 0.0040130 secs]
2016-02-07T04:34:53.900-0800: 330.477: [GC (Allocation Failure)  109143K->9271K(788992K), 0.0050202 secs]
2016-02-07T04:34:55.099-0800: 331.677: [GC (Allocation Failure)  108087K->9271K(787968K), 0.0046902 secs]
2016-02-07T04:34:56.434-0800: 333.011: [GC (Allocation Failure)  107063K->9271K(786944K), 0.0047889 secs]
2016-02-07T04:34:57.642-0800: 334.219: [GC (Allocation Failure)  106039K->9271K(785920K), 0.0059674 secs]
2016-02-07T04:34:58.817-0800: 335.394: [GC (Allocation Failure)  105015K->9271K(784896K), 0.0058207 secs]
2016-02-07T04:34:59.976-0800: 336.554: [GC (Allocation Failure)  103991K->9367K(783872K), 0.0035409 secs]
2016-02-07T04:35:00.917-0800: 337.495: [GC (Allocation Failure)  103063K->9399K(782848K), 0.0066172 secs]
2016-02-07T04:35:01.777-0800: 338.354: [GC (Allocation Failure)  102071K->9399K(781824K), 0.0132206 secs]
2016-02-07T04:35:02.602-0800: 339.179: [GC (Allocation Failure)  101047K->9399K(800256K), 0.0177020 secs]
2016-02-07T04:35:03.629-0800: 340.206: [GC (Allocation Failure)  119479K->9367K(822272K), 0.0226225 secs]
2016-02-07T04:35:04.925-0800: 341.502: [GC (Allocation Failure)  141463K->9399K(848896K), 0.0169887 secs]
2016-02-07T04:35:06.483-0800: 343.061: [GC (Allocation Failure)  168119K->9399K(880640K), 0.0211396 secs]
2016-02-07T04:35:08.396-0800: 344.974: [GC (Allocation Failure)  199863K->9399K(919040K), 0.0233792 secs]
2016-02-07T04:35:10.597-0800: 347.174: [GC (Allocation Failure)  238263K->9431K(965120K), 0.0256681 secs]
2016-02-07T04:35:13.259-0800: 349.837: [GC (Allocation Failure)  284375K->9335K(1020416K), 0.0406326 secs]
2016-02-07T04:35:16.454-0800: 353.032: [GC (Allocation Failure)  339575K->9431K(1086464K), 0.0472465 secs]
2016-02-07T04:35:19.972-0800: 356.549: [GC (Allocation Failure)  405719K->9367K(1165824K), 0.0317652 secs]
2016-02-07T04:35:24.926-0800: 361.504: [GC (Allocation Failure)  485015K->9367K(1197056K), 0.0248873 secs]
2016-02-07T04:35:29.724-0800: 366.302: [GC (Allocation Failure)  516247K->9399K(1180672K), 0.0212405 secs]
2016-02-07T04:35:34.077-0800: 370.654: [GC (Allocation Failure)  499895K->9367K(1164800K), 0.0149012 secs]
2016-02-07T04:35:38.328-0800: 374.905: [GC (Allocation Failure)  483991K->9367K(1149440K), 0.0036864 secs]
2016-02-07T04:35:42.265-0800: 378.843: [GC (Allocation Failure)  468631K->9335K(1135104K), 0.0044970 secs]
2016-02-07T04:35:46.195-0800: 382.772: [GC (Allocation Failure)  454263K->9335K(1121280K), 0.0046730 secs]
2016-02-07T04:35:50.158-0800: 386.735: [GC (Allocation Failure)  440439K->9399K(1107968K), 0.0028146 secs]
2016-02-07T04:35:54.018-0800: 390.596: [GC (Allocation Failure)  427191K->9367K(1095168K), 0.0045036 secs]
2016-02-07T04:35:57.746-0800: 394.324: [GC (Allocation Failure)  414359K->9367K(1082880K), 0.0036425 secs]
2016-02-07T04:36:01.169-0800: 397.746: [GC (Allocation Failure)  402071K->9367K(1071104K), 0.0033316 secs]
2016-02-07T04:36:04.519-0800: 401.096: [GC (Allocation Failure)  390295K->9367K(1059840K), 0.0059756 secs]
2016-02-07T04:36:08.341-0800: 404.918: [GC (Allocation Failure)  379031K->9335K(1049088K), 0.0031897 secs]
2016-02-07T04:36:12.531-0800: 409.109: [GC (Allocation Failure)  368247K->9335K(1038848K), 0.0035811 secs]
2016-02-07T04:36:16.594-0800: 413.171: [GC (Allocation Failure)  358007K->9367K(1029120K), 0.0061215 secs]
2016-02-07T04:36:20.321-0800: 416.899: [GC (Allocation Failure)  348311K->9367K(1019904K), 0.0085983 secs]
2016-02-07T04:36:23.950-0800: 420.527: [GC (Allocation Failure)  339095K->9367K(1010688K), 0.0307997 secs]
2016-02-07T04:36:27.432-0800: 424.009: [GC (Allocation Failure)  329879K->9399K(1001984K), 0.0516289 secs]
2016-02-07T04:36:30.766-0800: 427.344: [GC (Allocation Failure)  321207K->9367K(993792K), 0.0161548 secs]
2016-02-07T04:36:34.236-0800: 430.814: [GC (Allocation Failure)  312983K->9335K(985600K), 0.0331101 secs]
2016-02-07T04:36:37.081-0800: 433.658: [GC (Allocation Failure)  304759K->9335K(977920K), 0.0237291 secs]
2016-02-07T04:36:39.760-0800: 436.337: [GC (Allocation Failure)  297079K->9367K(970752K), 0.0485151 secs]
2016-02-07T04:36:42.490-0800: 439.068: [GC (Allocation Failure)  289943K->9367K(963584K), 0.0093339 secs]
2016-02-07T04:36:45.082-0800: 441.659: [GC (Allocation Failure)  282775K->9303K(956928K), 0.0202279 secs]
2016-02-07T04:36:47.474-0800: 444.051: [GC (Allocation Failure)  276055K->9399K(950272K), 0.0256527 secs]
2016-02-07T04:36:49.760-0800: 446.337: [GC (Allocation Failure)  269495K->9399K(1002496K), 0.0719357 secs]
2016-02-07T04:36:52.698-0800: 449.276: [GC (Allocation Failure)  321719K->9303K(1064960K), 0.0122156 secs]
2016-02-07T04:36:56.093-0800: 452.670: [GC (Allocation Failure)  384087K->9335K(1054208K), 0.0155882 secs]
2016-02-07T04:36:59.408-0800: 455.985: [GC (Allocation Failure)  373367K->9335K(1043968K), 0.0034218 secs]
2016-02-07T04:37:02.536-0800: 459.113: [GC (Allocation Failure)  363127K->9367K(1034240K), 0.0030960 secs]
2016-02-07T04:37:05.560-0800: 462.138: [GC (Allocation Failure)  353431K->9399K(1024512K), 0.0037913 secs]
2016-02-07T04:37:08.379-0800: 464.956: [GC (Allocation Failure)  343735K->9399K(1015296K), 0.0025461 secs]
2016-02-07T04:37:11.213-0800: 467.791: [GC (Allocation Failure)  334519K->9399K(1006592K), 0.0028414 secs]
2016-02-07T04:37:14.100-0800: 470.678: [GC (Allocation Failure)  325815K->9399K(997888K), 0.0045158 secs]
2016-02-07T04:37:16.714-0800: 473.291: [GC (Allocation Failure)  317111K->9367K(989696K), 0.0054219 secs]
2016-02-07T04:37:19.599-0800: 476.177: [GC (Allocation Failure)  308887K->9367K(982016K), 0.0142909 secs]
2016-02-07T04:37:22.556-0800: 479.133: [GC (Allocation Failure)  301207K->9399K(974336K), 0.0147711 secs]
2016-02-07T04:37:25.553-0800: 482.131: [GC (Allocation Failure)  293559K->9367K(967168K), 0.0045576 secs]
2016-02-07T04:37:28.054-0800: 484.631: [GC (Allocation Failure)  286359K->9399K(960512K), 0.0081838 secs]
2016-02-07T04:37:30.320-0800: 486.898: [GC (Allocation Failure)  279735K->9463K(953856K), 0.0094723 secs]
2016-02-07T04:37:32.536-0800: 489.114: [GC (Allocation Failure)  273143K->9367K(947200K), 0.0151342 secs]
2016-02-07T04:37:34.654-0800: 491.232: [GC (Allocation Failure)  266391K->9367K(941056K), 0.0313177 secs]
2016-02-07T04:37:36.759-0800: 493.337: [GC (Allocation Failure)  260247K->9303K(934912K), 0.0106243 secs]
2016-02-07T04:37:38.898-0800: 495.475: [GC (Allocation Failure)  254039K->9367K(929280K), 0.0176991 secs]
2016-02-07T04:37:40.928-0800: 497.506: [GC (Allocation Failure)  248471K->9399K(923648K), 0.0332582 secs]
2016-02-07T04:37:42.968-0800: 499.546: [GC (Allocation Failure)  242871K->9367K(918528K), 0.0218109 secs]
2016-02-07T04:37:44.935-0800: 501.513: [GC (Allocation Failure)  237719K->9367K(913408K), 0.0094152 secs]
2016-02-07T04:37:46.900-0800: 503.477: [GC (Allocation Failure)  232599K->9367K(908288K), 0.0233099 secs]
2016-02-07T04:37:48.749-0800: 505.327: [GC (Allocation Failure)  227479K->9335K(952320K), 0.0340881 secs]
2016-02-07T04:37:51.055-0800: 507.633: [GC (Allocation Failure)  271479K->9399K(1005056K), 0.0224565 secs]
2016-02-07T04:37:54.027-0800: 510.604: [GC (Allocation Failure)  324279K->9367K(996864K), 0.0086315 secs]
2016-02-07T04:37:56.842-0800: 513.420: [GC (Allocation Failure)  316055K->9367K(988672K), 0.0028183 secs]
2016-02-07T04:37:59.406-0800: 515.983: [GC (Allocation Failure)  307863K->9335K(980992K), 0.0253166 secs]
2016-02-07T04:38:01.904-0800: 518.481: [GC (Allocation Failure)  300151K->9399K(973312K), 0.0094982 secs]
2016-02-07T04:38:04.427-0800: 521.004: [GC (Allocation Failure)  292535K->9399K(966144K), 0.0281573 secs]
2016-02-07T04:38:06.920-0800: 523.498: [GC (Allocation Failure)  285367K->9367K(959488K), 0.0307045 secs]
2016-02-07T04:38:09.444-0800: 526.022: [GC (Allocation Failure)  278679K->9367K(952832K), 0.0021902 secs]
2016-02-07T04:38:11.774-0800: 528.352: [GC (Allocation Failure)  272023K->9335K(946688K), 0.0022633 secs]
2016-02-07T04:38:14.062-0800: 530.640: [GC (Allocation Failure)  265847K->9335K(940544K), 0.0088394 secs]
2016-02-07T04:38:16.399-0800: 532.977: [GC (Allocation Failure)  259703K->9399K(934400K), 0.0186795 secs]
2016-02-07T04:38:18.649-0800: 535.227: [GC (Allocation Failure)  253623K->9367K(928768K), 0.0480572 secs]
2016-02-07T04:38:21.360-0800: 537.938: [GC (Allocation Failure)  247959K->9271K(923136K), 0.0036071 secs]
2016-02-07T04:38:23.675-0800: 540.253: [GC (Allocation Failure)  242231K->9367K(918016K), 0.0033133 secs]
2016-02-07T04:38:25.776-0800: 542.353: [GC (Allocation Failure)  237207K->9271K(912896K), 0.0037906 secs]
2016-02-07T04:38:28.427-0800: 545.005: [GC (Allocation Failure)  231991K->9303K(907776K), 0.0040177 secs]
2016-02-07T04:38:30.467-0800: 547.044: [GC (Allocation Failure)  226903K->9399K(903168K), 0.0027456 secs]
2016-02-07T04:38:32.809-0800: 549.387: [GC (Allocation Failure)  222391K->9271K(898560K), 0.0041914 secs]
2016-02-07T04:38:35.575-0800: 552.152: [GC (Allocation Failure)  217655K->9271K(893952K), 0.0037595 secs]
2016-02-07T04:38:37.939-0800: 554.516: [GC (Allocation Failure)  213047K->9271K(889856K), 0.0048724 secs]
2016-02-07T04:38:40.297-0800: 556.874: [GC (Allocation Failure)  208951K->9271K(885760K), 0.0043276 secs]
2016-02-07T04:38:42.626-0800: 559.203: [GC (Allocation Failure)  204855K->9335K(881664K), 0.0032563 secs]
2016-02-07T04:38:44.589-0800: 561.167: [GC (Allocation Failure)  200823K->9271K(878080K), 0.0040315 secs]
2016-02-07T04:38:46.588-0800: 563.165: [GC (Allocation Failure)  197175K->9367K(874496K), 0.0032103 secs]
2016-02-07T04:38:48.463-0800: 565.040: [GC (Allocation Failure)  193687K->9271K(870912K), 0.0041169 secs]
2016-02-07T04:38:50.572-0800: 567.149: [GC (Allocation Failure)  190007K->9271K(867328K), 0.0042339 secs]
2016-02-07T04:38:52.395-0800: 568.973: [GC (Allocation Failure)  186423K->9335K(863744K), 0.0028986 secs]
2016-02-07T04:38:54.258-0800: 570.836: [GC (Allocation Failure)  182903K->9271K(860672K), 0.0038517 secs]
2016-02-07T04:38:56.260-0800: 572.838: [GC (Allocation Failure)  179767K->9367K(857600K), 0.0035525 secs]
2016-02-07T04:38:57.931-0800: 574.509: [GC (Allocation Failure)  176791K->9271K(854528K), 0.0039304 secs]
2016-02-07T04:38:59.823-0800: 576.400: [GC (Allocation Failure)  173623K->9271K(851456K), 0.0045104 secs]
2016-02-07T04:39:01.496-0800: 578.073: [GC (Allocation Failure)  170551K->9271K(848384K), 0.0039843 secs]
2016-02-07T04:39:03.208-0800: 579.785: [GC (Allocation Failure)  167479K->9271K(845824K), 0.0042009 secs]
2016-02-07T04:39:04.688-0800: 581.266: [GC (Allocation Failure)  164919K->9271K(843264K), 0.0047051 secs]
2016-02-07T04:39:06.207-0800: 582.785: [GC (Allocation Failure)  162359K->9303K(840704K), 0.0034655 secs]
2016-02-07T04:39:07.799-0800: 584.377: [GC (Allocation Failure)  159831K->9271K(838144K), 0.0046527 secs]
2016-02-07T04:39:09.214-0800: 585.791: [GC (Allocation Failure)  157239K->9335K(835584K), 0.0034790 secs]
2016-02-07T04:39:10.923-0800: 587.501: [GC (Allocation Failure)  154743K->9303K(833024K), 0.0032572 secs]
2016-02-07T04:39:12.560-0800: 589.137: [GC (Allocation Failure)  152151K->9271K(830976K), 0.0047230 secs]
2016-02-07T04:39:14.185-0800: 590.762: [GC (Allocation Failure)  150071K->9271K(828928K), 0.0042548 secs]
2016-02-07T04:39:15.724-0800: 592.302: [GC (Allocation Failure)  148023K->9271K(826880K), 0.0045315 secs]
2016-02-07T04:39:17.204-0800: 593.781: [GC (Allocation Failure)  145975K->9303K(824832K), 0.0032362 secs]
2016-02-07T04:39:18.687-0800: 595.265: [GC (Allocation Failure)  143959K->9271K(822784K), 0.0043551 secs]
2016-02-07T04:39:20.030-0800: 596.607: [GC (Allocation Failure)  141879K->9271K(820736K), 0.0048954 secs]
2016-02-07T04:39:21.533-0800: 598.110: [GC (Allocation Failure)  139831K->9271K(818688K), 0.0042759 secs]
2016-02-07T04:39:23.081-0800: 599.658: [GC (Allocation Failure)  137783K->9271K(816640K), 0.0044389 secs]
2016-02-07T04:39:24.617-0800: 601.194: [GC (Allocation Failure)  135735K->9271K(814592K), 0.0046879 secs]
2016-02-07T04:39:25.982-0800: 602.560: [GC (Allocation Failure)  133687K->9271K(813056K), 0.0042888 secs]
2016-02-07T04:39:27.494-0800: 604.071: [GC (Allocation Failure)  132151K->9303K(811520K), 0.0084860 secs]
2016-02-07T04:39:29.012-0800: 605.590: [GC (Allocation Failure)  130647K->9335K(809984K), 0.0027680 secs]
2016-02-07T04:39:30.285-0800: 606.863: [GC (Allocation Failure)  129143K->9399K(808448K), 0.0052626 secs]
2016-02-07T04:39:31.666-0800: 608.243: [GC (Allocation Failure)  127671K->9271K(806912K), 0.0039447 secs]
2016-02-07T04:39:33.171-0800: 609.748: [GC (Allocation Failure)  126007K->9271K(805376K), 0.0036844 secs]
2016-02-07T04:39:34.597-0800: 611.174: [GC (Allocation Failure)  124471K->9367K(803840K), 0.0034428 secs]
2016-02-07T04:39:35.831-0800: 612.408: [GC (Allocation Failure)  123031K->9271K(802304K), 0.0038641 secs]
2016-02-07T04:39:37.144-0800: 613.721: [GC (Allocation Failure)  121399K->9271K(800768K), 0.0042958 secs]
2016-02-07T04:39:38.376-0800: 614.953: [GC (Allocation Failure)  119863K->9367K(799232K), 0.0036009 secs]
2016-02-07T04:39:39.748-0800: 616.326: [GC (Allocation Failure)  118423K->9303K(797696K), 0.0034165 secs]
2016-02-07T04:39:41.090-0800: 617.668: [GC (Allocation Failure)  116823K->9367K(796160K), 0.0036115 secs]
2016-02-07T04:39:42.350-0800: 618.928: [GC (Allocation Failure)  115351K->9335K(794624K), 0.0030467 secs]
2016-02-07T04:39:43.381-0800: 619.959: [GC (Allocation Failure)  113783K->9271K(793600K), 0.0043250 secs]
2016-02-07T04:39:44.554-0800: 621.131: [GC (Allocation Failure)  112695K->9367K(792576K), 0.0032301 secs]
2016-02-07T04:39:45.828-0800: 622.405: [GC (Allocation Failure)  111767K->9303K(791552K), 0.0040013 secs]
2016-02-07T04:39:47.031-0800: 623.608: [GC (Allocation Failure)  110679K->9367K(790528K), 0.0024719 secs]
2016-02-07T04:39:48.208-0800: 624.785: [GC (Allocation Failure)  109719K->9303K(789504K), 0.0035173 secs]
2016-02-07T04:39:49.444-0800: 626.022: [GC (Allocation Failure)  108631K->9367K(788480K), 0.0036441 secs]
2016-02-07T04:39:50.644-0800: 627.222: [GC (Allocation Failure)  107671K->9431K(787456K), 0.0024586 secs]
2016-02-07T04:39:51.910-0800: 628.487: [GC (Allocation Failure)  106711K->9271K(786432K), 0.0036456 secs]
2016-02-07T04:39:53.034-0800: 629.612: [GC (Allocation Failure)  105527K->9271K(785408K), 0.0036313 secs]
2016-02-07T04:39:54.037-0800: 630.615: [GC (Allocation Failure)  104503K->9271K(784384K), 0.0056831 secs]
2016-02-07T04:39:55.132-0800: 631.709: [GC (Allocation Failure)  103479K->9271K(783360K), 0.0047668 secs]
2016-02-07T04:39:56.298-0800: 632.875: [GC (Allocation Failure)  102455K->9367K(782336K), 0.0034188 secs]
2016-02-07T04:39:57.337-0800: 633.915: [GC (Allocation Failure)  101527K->9271K(781312K), 0.0044092 secs]
2016-02-07T04:39:58.399-0800: 634.976: [GC (Allocation Failure)  100407K->9335K(780288K), 0.0031611 secs]
2016-02-07T04:39:59.417-0800: 635.995: [GC (Allocation Failure)  99447K->9303K(779264K), 0.0098811 secs]
2016-02-07T04:40:00.403-0800: 636.980: [GC (Allocation Failure)  98391K->9271K(778240K), 0.0042230 secs]
2016-02-07T04:40:01.562-0800: 638.139: [GC (Allocation Failure)  97335K->9367K(777216K), 0.0055642 secs]
2016-02-07T04:40:02.658-0800: 639.235: [GC (Allocation Failure)  96407K->9367K(776192K), 0.0048664 secs]
2016-02-07T04:40:03.781-0800: 640.359: [GC (Allocation Failure)  95383K->9367K(775168K), 0.0060642 secs]
2016-02-07T04:40:04.779-0800: 641.356: [GC (Allocation Failure)  94359K->9367K(774144K), 0.0073409 secs]
2016-02-07T04:40:05.702-0800: 642.280: [GC (Allocation Failure)  93335K->9367K(773120K), 0.0077513 secs]
2016-02-07T04:40:06.471-0800: 643.049: [GC (Allocation Failure)  92311K->9431K(790016K), 0.0235493 secs]
2016-02-07T04:40:07.416-0800: 643.994: [GC (Allocation Failure)  109271K->9399K(809984K), 0.0288369 secs]
2016-02-07T04:40:08.576-0800: 645.154: [GC (Allocation Failure)  129207K->9399K(834048K), 0.0389634 secs]
2016-02-07T04:40:09.924-0800: 646.501: [GC (Allocation Failure)  153271K->9399K(863232K), 0.0113067 secs]
2016-02-07T04:40:11.501-0800: 648.078: [GC (Allocation Failure)  182455K->9367K(898048K), 0.0351293 secs]
2016-02-07T04:40:13.404-0800: 649.982: [GC (Allocation Failure)  217239K->9367K(940032K), 0.0389224 secs]
2016-02-07T04:40:15.793-0800: 652.371: [GC (Allocation Failure)  259223K->9367K(990208K), 0.0098969 secs]
2016-02-07T04:40:18.764-0800: 655.341: [GC (Allocation Failure)  309399K->9431K(1050624K), 0.0559512 secs]
2016-02-07T04:40:22.259-0800: 658.837: [GC (Allocation Failure)  369879K->9367K(1122816K), 0.0093927 secs]
2016-02-07T04:40:26.171-0800: 662.748: [GC (Allocation Failure)  442007K->9399K(1197056K), 0.0325620 secs]
2016-02-07T04:40:30.657-0800: 667.235: [GC (Allocation Failure)  516279K->9367K(1180672K), 0.0145220 secs]
2016-02-07T04:40:35.043-0800: 671.620: [GC (Allocation Failure)  499863K->9335K(1164800K), 0.0190691 secs]
2016-02-07T04:40:39.369-0800: 675.947: [GC (Allocation Failure)  483959K->9335K(1149440K), 0.0220956 secs]
2016-02-07T04:40:43.517-0800: 680.095: [GC (Allocation Failure)  468599K->9367K(1135104K), 0.0304013 secs]
2016-02-07T04:40:47.637-0800: 684.215: [GC (Allocation Failure)  454295K->9399K(1121280K), 0.0338884 secs]
2016-02-07T04:40:51.594-0800: 688.171: [GC (Allocation Failure)  440503K->9367K(1107968K), 0.0177763 secs]
2016-02-07T04:40:55.249-0800: 691.826: [GC (Allocation Failure)  427159K->9367K(1095168K), 0.0467712 secs]
2016-02-07T04:40:59.059-0800: 695.637: [GC (Allocation Failure)  414359K->9399K(1082880K), 0.0255122 secs]
2016-02-07T04:41:02.691-0800: 699.268: [GC (Allocation Failure)  402103K->9367K(1071104K), 0.0447659 secs]
2016-02-07T04:41:10.765-0800: 707.343: [GC (Allocation Failure)  390295K->9335K(1059840K), 0.0076527 secs]
2016-02-07T04:41:11.262-0800: 707.839: [GC (Allocation Failure)  378999K->9791K(1049088K), 0.0031149 secs]
2016-02-07T04:41:11.665-0800: 708.243: [GC (Allocation Failure)  368703K->9896K(1038848K), 0.0030282 secs]
2016-02-07T04:41:12.022-0800: 708.600: [GC (Allocation Failure)  358568K->9968K(1029120K), 0.0036745 secs]
2016-02-07T04:41:12.327-0800: 708.904: [GC (Allocation Failure)  348912K->9872K(1019904K), 0.0031357 secs]
2016-02-07T04:41:12.550-0800: 709.127: [GC (Allocation Failure)  339600K->9968K(1010688K), 0.0033232 secs]
2016-02-07T04:41:12.770-0800: 709.348: [GC (Allocation Failure)  330480K->10128K(1075200K), 0.0028229 secs]
2016-02-07T04:41:13.036-0800: 709.613: [GC (Allocation Failure)  395152K->10000K(1152512K), 0.0031609 secs]
2016-02-07T04:41:13.358-0800: 709.936: [GC (Allocation Failure)  472336K->10096K(1138176K), 0.0025122 secs]
2016-02-07T04:41:13.666-0800: 710.244: [GC (Allocation Failure)  458096K->10096K(1197056K), 0.0037151 secs]
2016-02-07T04:41:14.018-0800: 710.596: [GC (Allocation Failure)  516976K->9968K(1228288K), 0.0042232 secs]
2016-02-07T04:41:14.394-0800: 710.972: [GC (Allocation Failure)  547568K->10064K(1209856K), 0.0027057 secs]
2016-02-07T04:41:14.761-0800: 711.338: [GC (Allocation Failure)  529744K->9936K(1192960K), 0.0030821 secs]
2016-02-07T04:41:15.143-0800: 711.720: [GC (Allocation Failure)  512720K->9872K(1177088K), 0.0039663 secs]
2016-02-07T04:41:15.550-0800: 712.128: [GC (Allocation Failure)  496272K->9904K(1160704K), 0.0028359 secs]
2016-02-07T04:41:15.897-0800: 712.474: [GC (Allocation Failure)  480432K->9968K(1145856K), 0.0029330 secs]
2016-02-07T04:41:16.236-0800: 712.814: [GC (Allocation Failure)  465648K->9936K(1131520K), 0.0026455 secs]
2016-02-07T04:41:16.532-0800: 713.110: [GC (Allocation Failure)  451280K->9936K(1220096K), 0.0057193 secs]
2016-02-07T04:41:16.898-0800: 713.476: [GC (Allocation Failure)  539856K->9936K(1227776K), 0.0038225 secs]
2016-02-07T04:41:17.258-0800: 713.835: [GC (Allocation Failure)  547536K->9904K(1209856K), 0.0027781 secs]
2016-02-07T04:41:17.607-0800: 714.184: [GC (Allocation Failure)  529584K->9904K(1192960K), 0.0033812 secs]
2016-02-07T04:41:17.955-0800: 714.532: [GC (Allocation Failure)  512688K->9840K(1227776K), 0.0164572 secs]
2016-02-07T04:41:18.374-0800: 714.951: [GC (Allocation Failure)  547440K->10000K(1293824K), 0.0024756 secs]
2016-02-07T04:41:18.801-0800: 715.379: [GC (Allocation Failure)  613648K->9936K(1293824K), 0.0029654 secs]
2016-02-07T04:41:19.232-0800: 715.810: [GC (Allocation Failure)  613584K->10064K(1414656K), 0.0033206 secs]
2016-02-07T04:41:19.777-0800: 716.355: [GC (Allocation Failure)  734544K->9904K(1414656K), 0.0033783 secs]
2016-02-07T04:41:20.317-0800: 716.895: [GC (Allocation Failure)  734384K->9968K(1388032K), 0.0025178 secs]
2016-02-07T04:41:20.841-0800: 717.419: [GC (Allocation Failure)  707824K->9904K(1362944K), 0.0025874 secs]
2016-02-07T04:41:21.366-0800: 717.944: [GC (Allocation Failure)  682672K->10032K(1338880K), 0.0033733 secs]
2016-02-07T04:41:21.871-0800: 718.449: [GC (Allocation Failure)  658736K->9968K(1315840K), 0.0030810 secs]
2016-02-07T04:41:22.359-0800: 718.937: [GC (Allocation Failure)  635632K->9968K(1293824K), 0.0030639 secs]
2016-02-07T04:41:22.765-0800: 719.343: [GC (Allocation Failure)  613616K->10032K(1272832K), 0.0027335 secs]
2016-02-07T04:41:23.174-0800: 719.752: [GC (Allocation Failure)  592688K->10064K(1252864K), 0.0032060 secs]
2016-02-07T04:41:23.584-0800: 720.161: [GC (Allocation Failure)  572752K->10064K(1233920K), 0.0025198 secs]
2016-02-07T04:41:24.002-0800: 720.579: [GC (Allocation Failure)  553808K->9936K(1216000K), 0.0032290 secs]
2016-02-07T04:41:24.422-0800: 721.000: [GC (Allocation Failure)  535760K->9872K(1198592K), 0.0042156 secs]
2016-02-07T04:41:24.819-0800: 721.396: [GC (Allocation Failure)  518288K->9872K(1182208K), 0.0042726 secs]
2016-02-07T04:41:25.173-0800: 721.751: [GC (Allocation Failure)  501904K->9936K(1166336K), 0.0033260 secs]
2016-02-07T04:41:25.525-0800: 722.103: [GC (Allocation Failure)  486096K->9872K(1150976K), 0.0040910 secs]
2016-02-07T04:41:25.871-0800: 722.448: [GC (Allocation Failure)  470672K->9968K(1136640K), 0.0036468 secs]
2016-02-07T04:41:26.209-0800: 722.786: [GC (Allocation Failure)  456432K->9904K(1226240K), 0.0064191 secs]
2016-02-07T04:41:26.613-0800: 723.190: [GC (Allocation Failure)  545968K->9968K(1333760K), 0.0086089 secs]
2016-02-07T04:41:27.158-0800: 723.736: [GC (Allocation Failure)  653552K->9808K(1462784K), 0.0039529 secs]
2016-02-07T04:41:27.823-0800: 724.400: [GC (Allocation Failure)  782416K->10000K(1559552K), 0.0030522 secs]
2016-02-07T04:41:28.571-0800: 725.148: [GC (Allocation Failure)  879376K->9968K(1526272K), 0.0038790 secs]
2016-02-07T04:41:29.230-0800: 725.808: [GC (Allocation Failure)  846064K->9872K(1494528K), 0.0042516 secs]
2016-02-07T04:41:29.859-0800: 726.436: [GC (Allocation Failure)  814224K->9872K(1464320K), 0.0060803 secs]
2016-02-07T04:41:30.470-0800: 727.047: [GC (Allocation Failure)  784016K->9808K(1617408K), 0.0223410 secs]
2016-02-07T04:41:31.272-0800: 727.849: [GC (Allocation Failure)  937040K->10064K(1619456K), 0.0192808 secs]
2016-02-07T04:41:31.960-0800: 728.537: [GC (Allocation Failure)  939344K->9968K(1619456K), 0.0046201 secs]
2016-02-07T04:41:32.617-0800: 729.194: [GC (Allocation Failure)  939248K->9872K(1805312K), 0.0060613 secs]
2016-02-07T04:41:33.411-0800: 729.988: [GC (Allocation Failure)  1125008K->9904K(1805312K), 0.0114410 secs]
2016-02-07T04:41:34.219-0800: 730.796: [GC (Allocation Failure)  1125040K->9840K(2028544K), 0.0046923 secs]
2016-02-07T04:41:35.457-0800: 732.034: [GC (Allocation Failure)  1348208K->9904K(1972736K), 0.0049273 secs]
2016-02-07T04:41:36.411-0800: 732.988: [GC (Allocation Failure)  1292464K->9840K(2028544K), 0.0225954 secs]
2016-02-07T04:41:37.391-0800: 733.969: [GC (Allocation Failure)  1348208K->9808K(2028544K), 0.0236469 secs]
2016-02-07T04:41:38.392-0800: 734.969: [GC (Allocation Failure)  1348176K->9840K(2296320K), 0.0458008 secs]
2016-02-07T04:41:39.616-0800: 736.194: [GC (Allocation Failure)  1615984K->9872K(2296320K), 0.0105619 secs]
2016-02-07T04:41:40.831-0800: 737.409: [GC (Allocation Failure)  1616016K->9840K(2617856K), 0.0230843 secs]
2016-02-07T04:41:42.335-0800: 738.912: [GC (Allocation Failure)  1937520K->9808K(2617856K), 0.0048477 secs]
2016-02-07T04:41:43.765-0800: 740.343: [GC (Allocation Failure)  1937488K->10064K(3003392K), 0.0030768 secs]
2016-02-07T04:41:45.490-0800: 742.068: [GC (Allocation Failure)  2323280K->10192K(2899456K), 0.0029721 secs]
2016-02-07T04:41:47.071-0800: 743.648: [GC (Allocation Failure)  2219472K->10096K(2800640K), 0.0034196 secs]
2016-02-07T04:41:48.537-0800: 745.114: [GC (Allocation Failure)  2120560K->10224K(2707456K), 0.0025609 secs]
2016-02-07T04:41:49.944-0800: 746.521: [GC (Allocation Failure)  2026992K->10032K(2617856K), 0.0029937 secs]
2016-02-07T04:41:51.302-0800: 747.880: [GC (Allocation Failure)  1937712K->10000K(2533888K), 0.0024433 secs]
2016-02-07T04:41:52.606-0800: 749.183: [GC (Allocation Failure)  1853200K->10160K(2452992K), 0.0024215 secs]
2016-02-07T04:41:53.842-0800: 750.419: [GC (Allocation Failure)  1772976K->10224K(2376704K), 0.0023009 secs]
2016-02-07T04:41:55.020-0800: 751.598: [GC (Allocation Failure)  1696240K->10032K(2303488K), 0.0025680 secs]
2016-02-07T04:41:56.166-0800: 752.743: [GC (Allocation Failure)  1623344K->10000K(2234880K), 0.0034621 secs]
2016-02-07T04:41:57.243-0800: 753.820: [GC (Allocation Failure)  1554192K->10000K(2168320K), 0.0031518 secs]
2016-02-07T04:41:58.275-0800: 754.853: [GC (Allocation Failure)  1488144K->10224K(2106368K), 0.0022660 secs]
2016-02-07T04:41:59.247-0800: 755.824: [GC (Allocation Failure)  1425904K->10128K(2046464K), 0.0020856 secs]
2016-02-07T04:42:00.176-0800: 756.753: [GC (Allocation Failure)  1366416K->9968K(1990144K), 0.0022666 secs]
2016-02-07T04:42:01.081-0800: 757.658: [GC (Allocation Failure)  1309424K->10288K(1936384K), 0.0022921 secs]
2016-02-07T04:42:01.951-0800: 758.529: [GC (Allocation Failure)  1255984K->10192K(1884672K), 0.0030058 secs]
2016-02-07T04:42:07.220-0800: 763.797: [GC (Allocation Failure)  1204688K->10720K(1836544K), 0.0045251 secs]
2016-02-07T04:42:07.986-0800: 764.563: [GC (Allocation Failure)  1156576K->10780K(1789440K), 0.0044925 secs]
2016-02-07T04:42:08.719-0800: 765.296: [GC (Allocation Failure)  1110044K->10908K(1745408K), 0.0031586 secs]
2016-02-07T04:42:09.423-0800: 766.001: [GC (Allocation Failure)  1066140K->10876K(1703936K), 0.0036595 secs]
2016-02-07T04:42:10.107-0800: 766.684: [GC (Allocation Failure)  1024124K->11068K(1664000K), 0.0031123 secs]
2016-02-07T04:42:10.759-0800: 767.336: [GC (Allocation Failure)  984380K->10940K(1625088K), 0.0040006 secs]
2016-02-07T04:42:11.388-0800: 767.965: [GC (Allocation Failure)  945852K->11068K(1589248K), 0.0036183 secs]
2016-02-07T04:42:11.990-0800: 768.567: [GC (Allocation Failure)  909628K->10876K(1553920K), 0.0025725 secs]
2016-02-07T04:42:12.568-0800: 769.146: [GC (Allocation Failure)  874620K->10972K(1521152K), 0.0030999 secs]
2016-02-07T04:42:13.124-0800: 769.701: [GC (Allocation Failure)  841948K->10972K(1490432K), 0.0026149 secs]
2016-02-07T04:42:13.663-0800: 770.240: [GC (Allocation Failure)  810716K->11100K(1460224K), 0.0041192 secs]
2016-02-07T04:42:14.180-0800: 770.758: [GC (Allocation Failure)  780636K->10908K(1431040K), 0.0027971 secs]
2016-02-07T04:42:14.692-0800: 771.270: [GC (Allocation Failure)  751772K->11004K(1404416K), 0.0042684 secs]
2016-02-07T04:42:15.172-0800: 771.750: [GC (Allocation Failure)  724732K->10908K(1377792K), 0.0031620 secs]
2016-02-07T04:42:15.631-0800: 772.208: [GC (Allocation Failure)  698524K->10940K(1353216K), 0.0028794 secs]
2016-02-07T04:42:16.073-0800: 772.650: [GC (Allocation Failure)  673980K->11036K(1330176K), 0.0030048 secs]
2016-02-07T04:42:16.498-0800: 773.076: [GC (Allocation Failure)  650524K->10876K(1307136K), 0.0026557 secs]
2016-02-07T04:42:16.910-0800: 773.487: [GC (Allocation Failure)  627836K->10876K(1286144K), 0.0029319 secs]
2016-02-07T04:42:17.311-0800: 773.888: [GC (Allocation Failure)  606332K->11036K(1265664K), 0.0028667 secs]
2016-02-07T04:42:17.695-0800: 774.272: [GC (Allocation Failure)  586012K->11100K(1246208K), 0.0030511 secs]
2016-02-07T04:42:18.066-0800: 774.644: [GC (Allocation Failure)  566620K->10844K(1226752K), 0.0037917 secs]
2016-02-07T04:42:18.427-0800: 775.004: [GC (Allocation Failure)  547420K->10940K(1209344K), 0.0031875 secs]
2016-02-07T04:42:18.776-0800: 775.353: [GC (Allocation Failure)  529596K->10876K(1191936K), 0.0029773 secs]
2016-02-07T04:42:19.114-0800: 775.692: [GC (Allocation Failure)  512636K->10940K(1176064K), 0.0025143 secs]
2016-02-07T04:42:19.439-0800: 776.017: [GC (Allocation Failure)  496316K->11164K(1160704K), 0.0029404 secs]
2016-02-07T04:42:19.759-0800: 776.336: [GC (Allocation Failure)  481180K->10908K(1145344K), 0.0036248 secs]
2016-02-07T04:42:20.064-0800: 776.641: [GC (Allocation Failure)  466076K->10972K(1131008K), 0.0031796 secs]
2016-02-07T04:42:20.363-0800: 776.940: [GC (Allocation Failure)  451804K->10908K(1117696K), 0.0039073 secs]
2016-02-07T04:42:20.654-0800: 777.232: [GC (Allocation Failure)  437916K->11132K(1104896K), 0.0024949 secs]
2016-02-07T04:42:20.931-0800: 777.508: [GC (Allocation Failure)  425340K->10972K(1092096K), 0.0027793 secs]
2016-02-07T04:42:21.200-0800: 777.777: [GC (Allocation Failure)  412892K->11068K(1080832K), 0.0021468 secs]
2016-02-07T04:42:21.460-0800: 778.037: [GC (Allocation Failure)  401212K->10972K(1069056K), 0.0033520 secs]
2016-02-07T04:42:21.714-0800: 778.291: [GC (Allocation Failure)  389852K->10940K(1058304K), 0.0028224 secs]
2016-02-07T04:42:21.959-0800: 778.536: [GC (Allocation Failure)  379068K->10972K(1048064K), 0.0024805 secs]
2016-02-07T04:42:22.200-0800: 778.777: [GC (Allocation Failure)  368348K->11068K(1119744K), 0.0031038 secs]
2016-02-07T04:42:22.491-0800: 779.069: [GC (Allocation Failure)  440124K->10972K(1105920K), 0.0024527 secs]
2016-02-07T04:42:22.769-0800: 779.346: [GC (Allocation Failure)  426716K->10844K(1093120K), 0.0023263 secs]
2016-02-07T04:42:23.040-0800: 779.617: [GC (Allocation Failure)  413788K->11036K(1081856K), 0.0028942 secs]
2016-02-07T04:42:23.302-0800: 779.879: [GC (Allocation Failure)  402204K->10940K(1070080K), 0.0024549 secs]
2016-02-07T04:42:23.559-0800: 780.136: [GC (Allocation Failure)  390844K->11036K(1059328K), 0.0026518 secs]
2016-02-07T04:42:23.807-0800: 780.384: [GC (Allocation Failure)  379676K->10908K(1048064K), 0.0027119 secs]
2016-02-07T04:42:24.053-0800: 780.631: [GC (Allocation Failure)  368796K->10876K(1120256K), 0.0036219 secs]
2016-02-07T04:42:24.343-0800: 780.921: [GC (Allocation Failure)  440444K->10972K(1205760K), 0.0034287 secs]
2016-02-07T04:42:24.686-0800: 781.263: [GC (Allocation Failure)  526556K->11004K(1309696K), 0.0027998 secs]
2016-02-07T04:42:25.098-0800: 781.675: [GC (Allocation Failure)  630012K->10972K(1287680K), 0.0026233 secs]
2016-02-07T04:42:25.494-0800: 782.072: [GC (Allocation Failure)  608476K->10876K(1267712K), 0.0033488 secs]
2016-02-07T04:42:25.879-0800: 782.456: [GC (Allocation Failure)  587900K->11068K(1248256K), 0.0027294 secs]
2016-02-07T04:42:26.254-0800: 782.832: [GC (Allocation Failure)  568636K->11036K(1229312K), 0.0020057 secs]
2016-02-07T04:42:26.617-0800: 783.195: [GC (Allocation Failure)  549660K->11012K(1210880K), 0.0025989 secs]
2016-02-07T04:42:26.969-0800: 783.546: [GC (Allocation Failure)  531716K->11116K(1194496K), 0.0029719 secs]
2016-02-07T04:42:27.318-0800: 783.896: [GC (Allocation Failure)  514924K->11212K(1178112K), 0.0026021 secs]
2016-02-07T04:42:27.648-0800: 784.225: [GC (Allocation Failure)  498636K->11116K(1162240K), 0.0031436 secs]
2016-02-07T04:42:27.965-0800: 784.542: [GC (Allocation Failure)  482668K->11084K(1146880K), 0.0033160 secs]
2016-02-07T04:42:28.272-0800: 784.850: [GC (Allocation Failure)  467788K->11148K(1133056K), 0.0024349 secs]
2016-02-07T04:42:28.569-0800: 785.146: [GC (Allocation Failure)  453516K->10988K(1118720K), 0.0031648 secs]
2016-02-07T04:42:28.863-0800: 785.440: [GC (Allocation Failure)  439532K->11244K(1105920K), 0.0025314 secs]
2016-02-07T04:42:29.143-0800: 785.720: [GC (Allocation Failure)  426476K->11180K(1093632K), 0.0024660 secs]
2016-02-07T04:42:29.414-0800: 785.992: [GC (Allocation Failure)  414124K->11276K(1081856K), 0.0026897 secs]
2016-02-07T04:42:29.677-0800: 786.255: [GC (Allocation Failure)  402444K->11100K(1070080K), 0.0028386 secs]
2016-02-07T04:42:29.935-0800: 786.512: [GC (Allocation Failure)  391004K->11132K(1146880K), 0.0037015 secs]
2016-02-07T04:42:30.243-0800: 786.820: [GC (Allocation Failure)  467324K->11140K(1238016K), 0.0037494 secs]
2016-02-07T04:42:30.626-0800: 787.204: [GC (Allocation Failure)  558980K->11108K(1220096K), 0.0025920 secs]
2016-02-07T04:42:30.984-0800: 787.562: [GC (Allocation Failure)  540516K->11204K(1202688K), 0.0027555 secs]
2016-02-07T04:42:31.327-0800: 787.905: [GC (Allocation Failure)  523204K->11268K(1185792K), 0.0029608 secs]
2016-02-07T04:42:31.671-0800: 788.248: [GC (Allocation Failure)  506372K->11108K(1169408K), 0.0028782 secs]
2016-02-07T04:42:32.003-0800: 788.580: [GC (Allocation Failure)  490340K->11204K(1154560K), 0.0035116 secs]
2016-02-07T04:42:32.321-0800: 788.899: [GC (Allocation Failure)  475076K->11204K(1139712K), 0.0025384 secs]
2016-02-07T04:42:32.631-0800: 789.208: [GC (Allocation Failure)  460228K->11044K(1125376K), 0.0035132 secs]
2016-02-07T04:42:32.925-0800: 789.502: [GC (Allocation Failure)  446244K->11204K(1112576K), 0.0024493 secs]
2016-02-07T04:42:33.207-0800: 789.784: [GC (Allocation Failure)  433092K->11236K(1099776K), 0.0030501 secs]
2016-02-07T04:42:33.482-0800: 790.060: [GC (Allocation Failure)  420324K->11076K(1181184K), 0.0036737 secs]
2016-02-07T04:42:33.813-0800: 790.390: [GC (Allocation Failure)  502084K->11076K(1165824K), 0.0030043 secs]
2016-02-07T04:42:34.130-0800: 790.708: [GC (Allocation Failure)  486212K->11044K(1149952K), 0.0025207 secs]
2016-02-07T04:42:34.439-0800: 791.016: [GC (Allocation Failure)  470820K->11172K(1136128K), 0.0023099 secs]
2016-02-07T04:42:34.739-0800: 791.317: [GC (Allocation Failure)  456612K->11332K(1122304K), 0.0023367 secs]
2016-02-07T04:42:35.028-0800: 791.605: [GC (Allocation Failure)  442948K->11300K(1108992K), 0.0030699 secs]
2016-02-07T04:42:35.310-0800: 791.888: [GC (Allocation Failure)  429604K->11212K(1095680K), 0.0023186 secs]
2016-02-07T04:42:35.584-0800: 792.161: [GC (Allocation Failure)  416716K->11260K(1083904K), 0.0031552 secs]
2016-02-07T04:42:35.852-0800: 792.429: [GC (Allocation Failure)  404476K->11420K(1072128K), 0.0029094 secs]
2016-02-07T04:42:36.110-0800: 792.688: [GC (Allocation Failure)  392860K->11292K(1148416K), 0.0035562 secs]
2016-02-07T04:42:36.417-0800: 792.995: [GC (Allocation Failure)  469020K->11268K(1133568K), 0.0025078 secs]
2016-02-07T04:42:36.712-0800: 793.290: [GC (Allocation Failure)  454660K->11364K(1120256K), 0.0023971 secs]
2016-02-07T04:42:36.998-0800: 793.575: [GC (Allocation Failure)  440932K->11268K(1106432K), 0.0021814 secs]
2016-02-07T04:42:37.275-0800: 793.852: [GC (Allocation Failure)  427524K->11236K(1094144K), 0.0021866 secs]
2016-02-07T04:42:37.548-0800: 794.126: [GC (Allocation Failure)  414692K->11172K(1081344K), 0.0030691 secs]
2016-02-07T04:42:37.810-0800: 794.387: [GC (Allocation Failure)  402340K->11268K(1070592K), 0.0034900 secs]
2016-02-07T04:42:38.065-0800: 794.643: [GC (Allocation Failure)  391172K->11364K(1059328K), 0.0021791 secs]
2016-02-07T04:42:38.314-0800: 794.892: [GC (Allocation Failure)  380004K->11204K(1048064K), 0.0023222 secs]
2016-02-07T04:42:38.554-0800: 795.132: [GC (Allocation Failure)  369092K->11396K(1038336K), 0.0028534 secs]
2016-02-07T04:42:38.788-0800: 795.365: [GC (Allocation Failure)  359044K->11332K(1028608K), 0.0022706 secs]
2016-02-07T04:42:39.016-0800: 795.593: [GC (Allocation Failure)  349252K->11300K(1018880K), 0.0025149 secs]
2016-02-07T04:42:39.239-0800: 795.816: [GC (Allocation Failure)  340004K->11628K(1085440K), 0.0030270 secs]
2016-02-07T04:42:39.503-0800: 796.080: [GC (Allocation Failure)  406380K->11340K(1164288K), 0.0025903 secs]
2016-02-07T04:42:39.817-0800: 796.395: [GC (Allocation Failure)  485452K->11436K(1149952K), 0.0018745 secs]
2016-02-07T04:42:40.121-0800: 796.699: [GC (Allocation Failure)  470700K->11468K(1135616K), 0.0020836 secs]
2016-02-07T04:42:40.416-0800: 796.994: [GC (Allocation Failure)  456396K->11340K(1121280K), 0.0024340 secs]
2016-02-07T04:42:40.703-0800: 797.281: [GC (Allocation Failure)  442444K->11340K(1107968K), 0.0024759 secs]
2016-02-07T04:42:40.981-0800: 797.558: [GC (Allocation Failure)  429132K->11308K(1095680K), 0.0031032 secs]
2016-02-07T04:42:41.251-0800: 797.828: [GC (Allocation Failure)  416300K->11436K(1083392K), 0.0022057 secs]
2016-02-07T04:42:41.511-0800: 798.089: [GC (Allocation Failure)  404140K->11468K(1071616K), 0.0023705 secs]
2016-02-07T04:42:41.765-0800: 798.342: [GC (Allocation Failure)  392396K->11308K(1059840K), 0.0031770 secs]
2016-02-07T04:42:42.014-0800: 798.592: [GC (Allocation Failure)  380972K->11532K(1049600K), 0.0026005 secs]
2016-02-07T04:42:42.261-0800: 798.839: [GC (Allocation Failure)  370444K->11276K(1038848K), 0.0028296 secs]
2016-02-07T04:42:42.500-0800: 799.077: [GC (Allocation Failure)  359948K->11500K(1109504K), 0.0033862 secs]
2016-02-07T04:42:42.783-0800: 799.361: [GC (Allocation Failure)  430316K->11564K(1193472K), 0.0026913 secs]
2016-02-07T04:42:43.123-0800: 799.700: [GC (Allocation Failure)  514348K->11340K(1176576K), 0.0031794 secs]
2016-02-07T04:42:43.448-0800: 800.025: [GC (Allocation Failure)  497740K->11532K(1161216K), 0.0022676 secs]
2016-02-07T04:42:43.765-0800: 800.343: [GC (Allocation Failure)  482060K->11532K(1146368K), 0.0035245 secs]
2016-02-07T04:42:44.071-0800: 800.649: [GC (Allocation Failure)  467212K->11396K(1131520K), 0.0026736 secs]
2016-02-07T04:42:44.366-0800: 800.943: [GC (Allocation Failure)  452740K->11548K(1118208K), 0.0024202 secs]
2016-02-07T04:42:44.653-0800: 801.230: [GC (Allocation Failure)  439068K->11452K(1104384K), 0.0027550 secs]
2016-02-07T04:42:44.934-0800: 801.511: [GC (Allocation Failure)  425660K->11420K(1092608K), 0.0028211 secs]
2016-02-07T04:42:45.201-0800: 801.778: [GC (Allocation Failure)  413340K->11548K(1080832K), 0.0024488 secs]
2016-02-07T04:42:45.466-0800: 802.044: [GC (Allocation Failure)  401692K->11420K(1069056K), 0.0035899 secs]
2016-02-07T04:42:45.727-0800: 802.304: [GC (Allocation Failure)  390300K->11324K(1144832K), 0.0032983 secs]
2016-02-07T04:42:46.030-0800: 802.608: [GC (Allocation Failure)  465980K->11548K(1131008K), 0.0024808 secs]
2016-02-07T04:42:46.323-0800: 802.901: [GC (Allocation Failure)  451868K->11420K(1116672K), 0.0030796 secs]
2016-02-07T04:42:46.610-0800: 803.187: [GC (Allocation Failure)  437916K->11452K(1104384K), 0.0020657 secs]
2016-02-07T04:42:46.886-0800: 803.464: [GC (Allocation Failure)  425148K->11516K(1092096K), 0.0024537 secs]
2016-02-07T04:42:47.155-0800: 803.733: [GC (Allocation Failure)  412924K->11548K(1080320K), 0.0024763 secs]
2016-02-07T04:42:47.416-0800: 803.994: [GC (Allocation Failure)  401180K->11388K(1068544K), 0.0026317 secs]
2016-02-07T04:42:47.672-0800: 804.249: [GC (Allocation Failure)  389756K->11420K(1144832K), 0.0036284 secs]
2016-02-07T04:42:47.976-0800: 804.553: [GC (Allocation Failure)  465564K->11420K(1235456K), 0.0036258 secs]
2016-02-07T04:42:48.340-0800: 804.918: [GC (Allocation Failure)  556700K->11548K(1217536K), 0.0023017 secs]
2016-02-07T04:42:48.691-0800: 805.269: [GC (Allocation Failure)  538396K->11612K(1200128K), 0.0023863 secs]
2016-02-07T04:42:49.031-0800: 805.609: [GC (Allocation Failure)  521052K->11452K(1182720K), 0.0035312 secs]
2016-02-07T04:42:49.363-0800: 805.940: [GC (Allocation Failure)  503996K->11420K(1166848K), 0.0031838 secs]
2016-02-07T04:42:49.680-0800: 806.257: [GC (Allocation Failure)  488092K->11580K(1152000K), 0.0021744 secs]
2016-02-07T04:42:49.994-0800: 806.572: [GC (Allocation Failure)  472892K->11420K(1137152K), 0.0038173 secs]
2016-02-07T04:42:50.293-0800: 806.870: [GC (Allocation Failure)  458396K->11580K(1123840K), 0.0030881 secs]
2016-02-07T04:42:50.584-0800: 807.161: [GC (Allocation Failure)  444732K->11580K(1110528K), 0.0028039 secs]
2016-02-07T04:42:50.866-0800: 807.443: [GC (Allocation Failure)  431420K->11612K(1097728K), 0.0031099 secs]
2016-02-07T04:42:51.138-0800: 807.716: [GC (Allocation Failure)  418652K->11324K(1084928K), 0.0024219 secs]
2016-02-07T04:42:51.403-0800: 807.980: [GC (Allocation Failure)  406076K->11516K(1073664K), 0.0030722 secs]
2016-02-07T04:42:51.660-0800: 808.238: [GC (Allocation Failure)  394492K->11324K(1061888K), 0.0027116 secs]
2016-02-07T04:42:51.908-0800: 808.485: [GC (Allocation Failure)  383036K->11484K(1051648K), 0.0020353 secs]
2016-02-07T04:42:52.147-0800: 808.725: [GC (Allocation Failure)  372444K->11484K(1041408K), 0.0021764 secs]
2016-02-07T04:42:52.380-0800: 808.958: [GC (Allocation Failure)  362204K->11388K(1031168K), 0.0026066 secs]
2016-02-07T04:42:52.608-0800: 809.185: [GC (Allocation Failure)  352380K->11516K(1022464K), 0.0024282 secs]
2016-02-07T04:42:52.830-0800: 809.407: [GC (Allocation Failure)  343292K->11580K(1013248K), 0.0023656 secs]
2016-02-07T04:42:53.045-0800: 809.622: [GC (Allocation Failure)  334140K->11452K(1004032K), 0.0020793 secs]
2016-02-07T04:42:57.689-0800: 814.267: [GC (Allocation Failure)  325308K->12244K(996352K), 0.0022741 secs]
2016-02-07T04:42:57.905-0800: 814.482: [GC (Allocation Failure)  317908K->12460K(1057792K), 0.0048574 secs]
2016-02-07T04:42:58.160-0800: 814.737: [GC (Allocation Failure)  379564K->12548K(1131520K), 0.0028901 secs]
2016-02-07T04:42:58.460-0800: 815.038: [GC (Allocation Failure)  453380K->12452K(1219584K), 0.0030917 secs]
2016-02-07T04:42:58.829-0800: 815.407: [GC (Allocation Failure)  541860K->12740K(1326080K), 0.0035505 secs]
2016-02-07T04:42:59.265-0800: 815.843: [GC (Allocation Failure)  648132K->12548K(1303552K), 0.0028035 secs]
2016-02-07T04:42:59.683-0800: 816.260: [GC (Allocation Failure)  625412K->12868K(1282048K), 0.0027720 secs]
2016-02-07T04:43:00.088-0800: 816.665: [GC (Allocation Failure)  604228K->12716K(1261056K), 0.0029240 secs]
2016-02-07T04:43:00.481-0800: 817.058: [GC (Allocation Failure)  583596K->13036K(1242112K), 0.0035052 secs]
2016-02-07T04:43:00.862-0800: 817.439: [GC (Allocation Failure)  564460K->12940K(1223680K), 0.0040528 secs]
2016-02-07T04:43:01.242-0800: 817.820: [GC (Allocation Failure)  545932K->12972K(1205760K), 0.0031421 secs]
2016-02-07T04:43:01.593-0800: 818.170: [GC (Allocation Failure)  528044K->12852K(1188352K), 0.0024273 secs]
2016-02-07T04:43:01.939-0800: 818.516: [GC (Allocation Failure)  511028K->13012K(1172480K), 0.0028955 secs]
2016-02-07T04:43:02.269-0800: 818.846: [GC (Allocation Failure)  494804K->13108K(1157120K), 0.0026594 secs]
2016-02-07T04:43:02.596-0800: 819.173: [GC (Allocation Failure)  479540K->13172K(1142272K), 0.0032675 secs]
2016-02-07T04:43:02.906-0800: 819.483: [GC (Allocation Failure)  464756K->13180K(1127424K), 0.0034753 secs]
2016-02-07T04:43:03.205-0800: 819.783: [GC (Allocation Failure)  450428K->13492K(1114624K), 0.0032582 secs]
2016-02-07T04:43:03.496-0800: 820.074: [GC (Allocation Failure)  437428K->13396K(1199616K), 0.0037527 secs]
2016-02-07T04:43:03.844-0800: 820.422: [GC (Allocation Failure)  522324K->13620K(1183232K), 0.0028126 secs]
2016-02-07T04:43:04.197-0800: 820.775: [GC (Allocation Failure)  506164K->13372K(1166848K), 0.0031078 secs]
2016-02-07T04:43:04.530-0800: 821.107: [GC (Allocation Failure)  490044K->13748K(1152000K), 0.0030508 secs]
2016-02-07T04:43:04.841-0800: 821.419: [GC (Allocation Failure)  475060K->13620K(1244672K), 0.0042917 secs]
2016-02-07T04:43:05.223-0800: 821.801: [GC (Allocation Failure)  567604K->13748K(1226240K), 0.0030117 secs]
2016-02-07T04:43:05.587-0800: 822.164: [GC (Allocation Failure)  549300K->13660K(1207808K), 0.0027310 secs]
2016-02-07T04:43:05.946-0800: 822.524: [GC (Allocation Failure)  531292K->13852K(1191424K), 0.0029929 secs]
2016-02-07T04:43:06.295-0800: 822.873: [GC (Allocation Failure)  514588K->14052K(1175040K), 0.0023494 secs]
2016-02-07T04:43:06.628-0800: 823.206: [GC (Allocation Failure)  498404K->13860K(1159680K), 0.0030759 secs]
2016-02-07T04:43:06.949-0800: 823.526: [GC (Allocation Failure)  482852K->13820K(1144320K), 0.0036539 secs]
2016-02-07T04:43:07.259-0800: 823.836: [GC (Allocation Failure)  467964K->14124K(1130496K), 0.0024390 secs]
2016-02-07T04:43:07.568-0800: 824.146: [GC (Allocation Failure)  453932K->14060K(1116672K), 0.0023719 secs]
2016-02-07T04:43:07.856-0800: 824.434: [GC (Allocation Failure)  440044K->14124K(1103872K), 0.0024357 secs]
2016-02-07T04:43:08.138-0800: 824.715: [GC (Allocation Failure)  427308K->14148K(1091072K), 0.0022688 secs]
2016-02-07T04:43:08.413-0800: 824.990: [GC (Allocation Failure)  415044K->14508K(1079808K), 0.0022690 secs]
2016-02-07T04:43:08.682-0800: 825.259: [GC (Allocation Failure)  403628K->14572K(1068544K), 0.0023534 secs]
2016-02-07T04:43:08.938-0800: 825.515: [GC (Allocation Failure)  392428K->14540K(1057792K), 0.0020938 secs]
2016-02-07T04:43:09.195-0800: 825.773: [GC (Allocation Failure)  381644K->14444K(1046528K), 0.0024119 secs]
2016-02-07T04:43:09.442-0800: 826.019: [GC (Allocation Failure)  370796K->14948K(1036800K), 0.0029566 secs]
2016-02-07T04:43:09.680-0800: 826.257: [GC (Allocation Failure)  361060K->15012K(1027072K), 0.0026626 secs]
2016-02-07T04:43:09.917-0800: 826.494: [GC (Allocation Failure)  351396K->15044K(1094656K), 0.0032528 secs]
2016-02-07T04:43:10.196-0800: 826.774: [GC (Allocation Failure)  419012K->14884K(1175552K), 0.0030352 secs]
2016-02-07T04:43:10.529-0800: 827.106: [GC (Allocation Failure)  499748K->14916K(1160192K), 0.0028937 secs]
2016-02-07T04:43:10.854-0800: 827.432: [GC (Allocation Failure)  484420K->14980K(1145344K), 0.0026475 secs]
2016-02-07T04:43:11.170-0800: 827.747: [GC (Allocation Failure)  469636K->14820K(1131008K), 0.0026318 secs]
2016-02-07T04:43:11.476-0800: 828.054: [GC (Allocation Failure)  455140K->14884K(1117184K), 0.0031240 secs]
2016-02-07T04:43:11.768-0800: 828.345: [GC (Allocation Failure)  441380K->14948K(1104384K), 0.0030525 secs]
2016-02-07T04:43:12.059-0800: 828.636: [GC (Allocation Failure)  428644K->14692K(1092096K), 0.0031187 secs]
2016-02-07T04:43:12.332-0800: 828.910: [GC (Allocation Failure)  416100K->14884K(1080320K), 0.0030337 secs]
2016-02-07T04:43:12.599-0800: 829.177: [GC (Allocation Failure)  404516K->14692K(1069056K), 0.0029514 secs]
2016-02-07T04:43:12.860-0800: 829.437: [GC (Allocation Failure)  393060K->14788K(1144832K), 0.0031157 secs]
2016-02-07T04:43:13.172-0800: 829.749: [GC (Allocation Failure)  468932K->14916K(1130496K), 0.0027528 secs]
2016-02-07T04:43:13.473-0800: 830.050: [GC (Allocation Failure)  454724K->14660K(1116672K), 0.0026055 secs]
2016-02-07T04:43:13.764-0800: 830.341: [GC (Allocation Failure)  440644K->14884K(1103872K), 0.0027822 secs]
2016-02-07T04:43:14.051-0800: 830.628: [GC (Allocation Failure)  428068K->14916K(1091584K), 0.0025298 secs]
2016-02-07T04:43:14.325-0800: 830.903: [GC (Allocation Failure)  415812K->14980K(1079808K), 0.0021493 secs]
2016-02-07T04:43:14.594-0800: 831.172: [GC (Allocation Failure)  404100K->14820K(1157632K), 0.0044944 secs]
2016-02-07T04:43:14.916-0800: 831.493: [GC (Allocation Failure)  481764K->14788K(1142784K), 0.0029741 secs]
2016-02-07T04:43:15.226-0800: 831.804: [GC (Allocation Failure)  466884K->14756K(1128448K), 0.0022927 secs]
2016-02-07T04:43:15.527-0800: 832.104: [GC (Allocation Failure)  452516K->14724K(1115136K), 0.0029005 secs]
2016-02-07T04:43:15.816-0800: 832.394: [GC (Allocation Failure)  439172K->14820K(1102336K), 0.0025144 secs]
2016-02-07T04:43:16.095-0800: 832.673: [GC (Allocation Failure)  426468K->14684K(1089536K), 0.0023262 secs]
2016-02-07T04:43:16.366-0800: 832.943: [GC (Allocation Failure)  414044K->15260K(1078272K), 0.0026570 secs]
2016-02-07T04:43:16.634-0800: 833.211: [GC (Allocation Failure)  402844K->14940K(1067008K), 0.0022806 secs]
2016-02-07T04:43:16.889-0800: 833.467: [GC (Allocation Failure)  391260K->14940K(1056256K), 0.0025990 secs]
2016-02-07T04:43:17.141-0800: 833.718: [GC (Allocation Failure)  380508K->14908K(1046016K), 0.0027738 secs]
2016-02-07T04:43:17.387-0800: 833.964: [GC (Allocation Failure)  370236K->15036K(1036288K), 0.0030191 secs]
2016-02-07T04:43:17.630-0800: 834.207: [GC (Allocation Failure)  360124K->14940K(1026048K), 0.0026926 secs]
2016-02-07T04:43:17.857-0800: 834.435: [GC (Allocation Failure)  350300K->15068K(1016832K), 0.0023922 secs]
2016-02-07T04:43:18.081-0800: 834.658: [GC (Allocation Failure)  341212K->14980K(1081856K), 0.0030126 secs]
2016-02-07T04:43:18.353-0800: 834.930: [GC (Allocation Failure)  406660K->15292K(1160704K), 0.0031024 secs]
2016-02-07T04:43:18.671-0800: 835.249: [GC (Allocation Failure)  485308K->15292K(1145856K), 0.0025226 secs]
2016-02-07T04:43:18.981-0800: 835.559: [GC (Allocation Failure)  470460K->15196K(1131520K), 0.0030456 secs]
2016-02-07T04:43:19.282-0800: 835.859: [GC (Allocation Failure)  456028K->15412K(1117184K), 0.0022627 secs]
2016-02-07T04:43:19.578-0800: 836.155: [GC (Allocation Failure)  442420K->15652K(1104896K), 0.0025685 secs]
2016-02-07T04:43:19.859-0800: 836.436: [GC (Allocation Failure)  429860K->15620K(1092608K), 0.0033131 secs]
2016-02-07T04:43:20.132-0800: 836.709: [GC (Allocation Failure)  417540K->15812K(1080832K), 0.0027750 secs]
2016-02-07T04:43:20.399-0800: 836.976: [GC (Allocation Failure)  405956K->15532K(1069056K), 0.0028697 secs]
2016-02-07T04:43:20.660-0800: 837.238: [GC (Allocation Failure)  394412K->15748K(1058816K), 0.0026959 secs]
2016-02-07T04:43:20.914-0800: 837.492: [GC (Allocation Failure)  383876K->15780K(1132544K), 0.0028430 secs]
2016-02-07T04:43:21.217-0800: 837.794: [GC (Allocation Failure)  457636K->16036K(1118720K), 0.0027095 secs]
2016-02-07T04:43:21.509-0800: 838.087: [GC (Allocation Failure)  444068K->15828K(1104896K), 0.0020843 secs]
2016-02-07T04:43:21.796-0800: 838.373: [GC (Allocation Failure)  430548K->16204K(1093120K), 0.0028674 secs]
2016-02-07T04:43:22.074-0800: 838.651: [GC (Allocation Failure)  418636K->16116K(1081344K), 0.0026499 secs]
2016-02-07T04:43:22.418-0800: 838.995: [GC (Allocation Failure)  406772K->16084K(1070080K), 0.0030123 secs]
2016-02-07T04:43:22.675-0800: 839.253: [GC (Allocation Failure)  395476K->16124K(1058304K), 0.0022049 secs]
2016-02-07T04:43:22.928-0800: 839.505: [GC (Allocation Failure)  384252K->16620K(1048064K), 0.0031910 secs]
2016-02-07T04:43:23.175-0800: 839.752: [GC (Allocation Failure)  373996K->16556K(1119744K), 0.0034228 secs]
2016-02-07T04:43:23.468-0800: 840.046: [GC (Allocation Failure)  445612K->16428K(1106432K), 0.0025655 secs]
2016-02-07T04:43:23.754-0800: 840.332: [GC (Allocation Failure)  432172K->16500K(1093120K), 0.0024065 secs]
2016-02-07T04:43:24.036-0800: 840.614: [GC (Allocation Failure)  419444K->16956K(1081856K), 0.0028558 secs]
2016-02-07T04:43:24.303-0800: 840.881: [GC (Allocation Failure)  408124K->16836K(1160192K), 0.0035340 secs]
2016-02-07T04:43:24.628-0800: 841.206: [GC (Allocation Failure)  486340K->16964K(1254400K), 0.0031507 secs]
2016-02-07T04:43:25.010-0800: 841.587: [GC (Allocation Failure)  580676K->16876K(1234944K), 0.0027341 secs]
2016-02-07T04:43:25.382-0800: 841.960: [GC (Allocation Failure)  561644K->17020K(1217024K), 0.0030534 secs]
2016-02-07T04:43:25.742-0800: 842.320: [GC (Allocation Failure)  543356K->17148K(1199616K), 0.0046713 secs]
2016-02-07T04:43:26.090-0800: 842.667: [GC (Allocation Failure)  526076K->17308K(1183232K), 0.0030990 secs]
2016-02-07T04:43:26.423-0800: 843.001: [GC (Allocation Failure)  509852K->17164K(1166848K), 0.0021310 secs]
2016-02-07T04:43:26.747-0800: 843.324: [GC (Allocation Failure)  493836K->17380K(1152000K), 0.0038664 secs]
2016-02-07T04:43:27.065-0800: 843.642: [GC (Allocation Failure)  478692K->17476K(1137664K), 0.0023045 secs]
2016-02-07T04:43:27.369-0800: 843.946: [GC (Allocation Failure)  464452K->17740K(1123840K), 0.0028429 secs]
2016-02-07T04:43:27.666-0800: 844.243: [GC (Allocation Failure)  450892K->17268K(1110016K), 0.0025622 secs]
2016-02-07T04:43:27.951-0800: 844.529: [GC (Allocation Failure)  437108K->17748K(1098240K), 0.0029075 secs]
2016-02-07T04:43:28.256-0800: 844.834: [GC (Allocation Failure)  424788K->17660K(1085440K), 0.0034859 secs]
2016-02-07T04:43:28.602-0800: 845.180: [GC (Allocation Failure)  412412K->17500K(1164800K), 0.0086252 secs]
2016-02-07T04:43:29.078-0800: 845.655: [GC (Allocation Failure)  491612K->17468K(1260032K), 0.0058604 secs]
2016-02-07T04:43:29.619-0800: 846.196: [GC (Allocation Failure)  586812K->17468K(1374208K), 0.0066314 secs]
2016-02-07T04:43:30.250-0800: 846.827: [GC (Allocation Failure)  700988K->17436K(1510912K), 0.0044002 secs]
2016-02-07T04:43:31.066-0800: 847.643: [GC (Allocation Failure)  837660K->17532K(1675776K), 0.0085505 secs]
2016-02-07T04:43:32.172-0800: 848.749: [GC (Allocation Failure)  1002108K->17436K(1636352K), 0.0058484 secs]
2016-02-07T04:43:33.290-0800: 849.868: [GC (Allocation Failure)  963100K->17404K(1599488K), 0.0102147 secs]
2016-02-07T04:43:34.265-0800: 850.842: [GC (Allocation Failure)  926204K->17388K(1563648K), 0.0044224 secs]
2016-02-07T04:43:35.085-0800: 851.663: [GC (Allocation Failure)  890860K->17468K(1530880K), 0.0074907 secs]
2016-02-07T04:43:35.836-0800: 852.413: [GC (Allocation Failure)  857660K->17532K(1499136K), 0.0028054 secs]
2016-02-07T04:43:36.385-0800: 852.962: [GC (Allocation Failure)  825980K->17660K(1468928K), 0.0027785 secs]
2016-02-07T04:43:36.911-0800: 853.489: [GC (Allocation Failure)  795900K->17596K(1439232K), 0.0023610 secs]
2016-02-07T04:43:37.424-0800: 854.001: [GC (Allocation Failure)  766652K->17668K(1412096K), 0.0030199 secs]
2016-02-07T04:43:37.923-0800: 854.500: [GC (Allocation Failure)  739076K->18020K(1385984K), 0.0029707 secs]
2016-02-07T04:43:38.411-0800: 854.988: [GC (Allocation Failure)  713316K->17860K(1360896K), 0.0026051 secs]
2016-02-07T04:43:38.939-0800: 855.516: [GC (Allocation Failure)  688068K->17844K(1336320K), 0.0045713 secs]
2016-02-07T04:43:39.587-0800: 856.164: [GC (Allocation Failure)  663988K->17940K(1313792K), 0.0066012 secs]
2016-02-07T04:43:40.201-0800: 856.779: [GC (Allocation Failure)  641044K->18036K(1291776K), 0.0045793 secs]
2016-02-07T04:43:40.921-0800: 857.498: [GC (Allocation Failure)  619123K->18068K(1270784K), 0.0026382 secs]
2016-02-07T04:43:41.318-0800: 857.895: [GC (Allocation Failure)  598164K->17964K(1250304K), 0.0029533 secs]
2016-02-07T04:43:41.702-0800: 858.280: [GC (Allocation Failure)  578092K->18164K(1231872K), 0.0042481 secs]
2016-02-07T04:43:42.079-0800: 858.656: [GC (Allocation Failure)  559348K->18164K(1213952K), 0.0027561 secs]
2016-02-07T04:43:42.440-0800: 859.017: [GC (Allocation Failure)  541428K->18324K(1196544K), 0.0029337 secs]
2016-02-07T04:43:42.795-0800: 859.372: [GC (Allocation Failure)  524180K->18204K(1179648K), 0.0041024 secs]
2016-02-07T04:43:43.133-0800: 859.710: [GC (Allocation Failure)  507676K->18556K(1164288K), 0.0026004 secs]
2016-02-07T04:43:43.455-0800: 860.033: [GC (Allocation Failure)  492156K->18620K(1149440K), 0.0025863 secs]
2016-02-07T04:43:43.774-0800: 860.351: [GC (Allocation Failure)  477372K->18556K(1135104K), 0.0026223 secs]
2016-02-07T04:43:44.336-0800: 860.914: [GC (Allocation Failure)  462972K->18508K(1120768K), 0.0033280 secs]
2016-02-07T04:43:44.649-0800: 861.226: [GC (Allocation Failure)  449100K->18908K(1107968K), 0.0033801 secs]
2016-02-07T04:43:44.941-0800: 861.518: [GC (Allocation Failure)  436188K->18940K(1095168K), 0.0026681 secs]
2016-02-07T04:43:45.257-0800: 861.834: [GC (Allocation Failure)  423420K->18652K(1176064K), 0.0075441 secs]
2016-02-07T04:43:45.741-0800: 862.319: [GC (Allocation Failure)  504028K->18604K(1272832K), 0.0044961 secs]
2016-02-07T04:43:46.207-0800: 862.784: [GC (Allocation Failure)  601260K->18876K(1253376K), 0.0030365 secs]
2016-02-07T04:43:46.598-0800: 863.175: [GC (Allocation Failure)  581564K->18844K(1234432K), 0.0035262 secs]
2016-02-07T04:43:46.975-0800: 863.552: [GC (Allocation Failure)  562588K->18844K(1216512K), 0.0024787 secs]
2016-02-07T04:43:47.332-0800: 863.910: [GC (Allocation Failure)  544668K->18788K(1198592K), 0.0024605 secs]
2016-02-07T04:43:47.682-0800: 864.259: [GC (Allocation Failure)  527204K->19028K(1182720K), 0.0030073 secs]
2016-02-07T04:43:48.020-0800: 864.597: [GC (Allocation Failure)  511060K->19036K(1166848K), 0.0027750 secs]
2016-02-07T04:43:48.347-0800: 864.924: [GC (Allocation Failure)  495196K->19196K(1151488K), 0.0027183 secs]
2016-02-07T04:43:48.663-0800: 865.240: [GC (Allocation Failure)  479996K->18988K(1136640K), 0.0038066 secs]
2016-02-07T04:43:48.970-0800: 865.547: [GC (Allocation Failure)  465452K->19244K(1123328K), 0.0032825 secs]
2016-02-07T04:43:53.580-0800: 870.157: [GC (Allocation Failure)  451884K->19980K(1110016K), 0.0036877 secs]
2016-02-07T04:43:53.866-0800: 870.444: [GC (Allocation Failure)  439308K->20548K(1097216K), 0.0030409 secs]
2016-02-07T04:43:54.139-0800: 870.717: [GC (Allocation Failure)  427076K->20780K(1084928K), 0.0035909 secs]
2016-02-07T04:43:54.404-0800: 870.982: [GC (Allocation Failure)  415020K->20620K(1073152K), 0.0030955 secs]
2016-02-07T04:43:54.663-0800: 871.240: [GC (Allocation Failure)  403084K->21012K(1150464K), 0.0046757 secs]
2016-02-07T04:43:54.975-0800: 871.553: [GC (Allocation Failure)  480276K->21036K(1242112K), 0.0042720 secs]
2016-02-07T04:43:55.347-0800: 871.925: [GC (Allocation Failure)  572460K->21116K(1352704K), 0.0030468 secs]
2016-02-07T04:43:55.816-0800: 872.394: [GC (Allocation Failure)  683132K->21084K(1485312K), 0.0056380 secs]
2016-02-07T04:43:56.399-0800: 872.977: [GC (Allocation Failure)  815708K->21180K(1645056K), 0.0045269 secs]
2016-02-07T04:43:57.045-0800: 873.623: [GC (Allocation Failure)  975036K->21244K(1607680K), 0.0028291 secs]
2016-02-07T04:43:57.658-0800: 874.235: [GC (Allocation Failure)  937724K->21284K(1571328K), 0.0029252 secs]
2016-02-07T04:43:58.250-0800: 874.827: [GC (Allocation Failure)  902436K->22148K(1538560K), 0.0028615 secs]
2016-02-07T04:43:58.820-0800: 875.398: [GC (Allocation Failure)  869508K->21988K(1506304K), 0.0032859 secs]
2016-02-07T04:43:59.366-0800: 875.943: [GC (Allocation Failure)  837092K->21892K(1475072K), 0.0038899 secs]
2016-02-07T04:43:59.892-0800: 876.469: [GC (Allocation Failure)  806276K->21948K(1445888K), 0.0041432 secs]
2016-02-07T04:44:00.400-0800: 876.977: [GC (Allocation Failure)  777148K->22076K(1418752K), 0.0030987 secs]
2016-02-07T04:44:00.889-0800: 877.466: [GC (Allocation Failure)  749628K->22052K(1391616K), 0.0034881 secs]
2016-02-07T04:44:01.430-0800: 878.007: [GC (Allocation Failure)  722980K->22124K(1366528K), 0.0039357 secs]
2016-02-07T04:44:01.886-0800: 878.463: [GC (Allocation Failure)  697452K->22188K(1341952K), 0.0030071 secs]
2016-02-07T04:44:02.324-0800: 878.901: [GC (Allocation Failure)  673452K->22276K(1319424K), 0.0043447 secs]
2016-02-07T04:44:02.749-0800: 879.326: [GC (Allocation Failure)  650500K->22228K(1296896K), 0.0032777 secs]
2016-02-07T04:44:03.157-0800: 879.735: [GC (Allocation Failure)  628436K->22444K(1276416K), 0.0031730 secs]
2016-02-07T04:44:03.552-0800: 880.130: [GC (Allocation Failure)  607660K->22316K(1255936K), 0.0031446 secs]
2016-02-07T04:44:03.933-0800: 880.510: [GC (Allocation Failure)  587564K->22436K(1237504K), 0.0029982 secs]
2016-02-07T04:44:04.301-0800: 880.878: [GC (Allocation Failure)  568740K->22492K(1218560K), 0.0032275 secs]
2016-02-07T04:44:04.657-0800: 881.235: [GC (Allocation Failure)  550364K->22708K(1201664K), 0.0024653 secs]
2016-02-07T04:44:05.004-0800: 881.582: [GC (Allocation Failure)  533172K->22700K(1184256K), 0.0031514 secs]
2016-02-07T04:44:05.336-0800: 881.913: [GC (Allocation Failure)  516268K->22868K(1168896K), 0.0031569 secs]
2016-02-07T04:44:05.657-0800: 882.235: [GC (Allocation Failure)  500564K->22828K(1153024K), 0.0027904 secs]
2016-02-07T04:44:05.994-0800: 882.572: [GC (Allocation Failure)  485164K->22820K(1138688K), 0.0050240 secs]
2016-02-07T04:44:06.378-0800: 882.955: [GC (Allocation Failure)  470820K->22788K(1228288K), 0.0121347 secs]
2016-02-07T04:44:06.753-0800: 883.330: [GC (Allocation Failure)  560388K->22948K(1336320K), 0.0036572 secs]
2016-02-07T04:44:07.189-0800: 883.767: [GC (Allocation Failure)  668068K->22892K(1464832K), 0.0031733 secs]
2016-02-07T04:44:07.709-0800: 884.287: [GC (Allocation Failure)  797036K->23100K(1436672K), 0.0022542 secs]
2016-02-07T04:44:08.209-0800: 884.786: [GC (Allocation Failure)  768572K->23012K(1408512K), 0.0026926 secs]
2016-02-07T04:44:08.691-0800: 885.269: [GC (Allocation Failure)  740836K->23044K(1382400K), 0.0037996 secs]
2016-02-07T04:44:09.156-0800: 885.733: [GC (Allocation Failure)  714756K->23140K(1357824K), 0.0028618 secs]
2016-02-07T04:44:09.603-0800: 886.181: [GC (Allocation Failure)  689764K->23204K(1334272K), 0.0027301 secs]
2016-02-07T04:44:10.034-0800: 886.611: [GC (Allocation Failure)  666276K->23004K(1310720K), 0.0032633 secs]
2016-02-07T04:44:10.450-0800: 887.027: [GC (Allocation Failure)  643548K->23556K(1290240K), 0.0030300 secs]
2016-02-07T04:44:10.852-0800: 887.430: [GC (Allocation Failure)  622596K->23636K(1269760K), 0.0025221 secs]
2016-02-07T04:44:11.262-0800: 887.840: [GC (Allocation Failure)  602196K->23764K(1249792K), 0.0030361 secs]
2016-02-07T04:44:11.636-0800: 888.214: [GC (Allocation Failure)  582356K->23572K(1229824K), 0.0027374 secs]
2016-02-07T04:44:11.998-0800: 888.576: [GC (Allocation Failure)  563220K->24292K(1212928K), 0.0033134 secs]
2016-02-07T04:44:12.350-0800: 888.927: [GC (Allocation Failure)  546020K->24388K(1195520K), 0.0038348 secs]
2016-02-07T04:44:12.689-0800: 889.267: [GC (Allocation Failure)  528708K->24196K(1179136K), 0.0040248 secs]
2016-02-07T04:44:13.019-0800: 889.596: [GC (Allocation Failure)  512132K->24228K(1162240K), 0.0026149 secs]
2016-02-07T04:44:13.337-0800: 889.914: [GC (Allocation Failure)  496292K->25052K(1148416K), 0.0022669 secs]
2016-02-07T04:44:13.643-0800: 890.221: [GC (Allocation Failure)  482268K->25116K(1134080K), 0.0031300 secs]
2016-02-07T04:44:13.941-0800: 890.518: [GC (Allocation Failure)  467996K->25020K(1120256K), 0.0038442 secs]
2016-02-07T04:44:14.231-0800: 890.808: [GC (Allocation Failure)  454076K->24868K(1205248K), 0.0040992 secs]
2016-02-07T04:44:14.578-0800: 891.156: [GC (Allocation Failure)  539940K->25564K(1189376K), 0.0025251 secs]
2016-02-07T04:44:14.912-0800: 891.490: [GC (Allocation Failure)  523740K->25660K(1172992K), 0.0024187 secs]
2016-02-07T04:44:15.236-0800: 891.813: [GC (Allocation Failure)  507452K->25692K(1157632K), 0.0032461 secs]
2016-02-07T04:44:15.549-0800: 892.127: [GC (Allocation Failure)  492124K->25644K(1141760K), 0.0027158 secs]
2016-02-07T04:44:15.897-0800: 892.474: [GC (Allocation Failure)  477228K->26116K(1233408K), 0.0097585 secs]
2016-02-07T04:44:16.332-0800: 892.909: [GC (Allocation Failure)  568324K->26452K(1341952K), 0.0023757 secs]
2016-02-07T04:44:16.768-0800: 893.346: [GC (Allocation Failure)  677204K->26260K(1472512K), 0.0034942 secs]
2016-02-07T04:44:17.293-0800: 893.870: [GC (Allocation Failure)  807572K->26316K(1442304K), 0.0030860 secs]
2016-02-07T04:44:17.799-0800: 894.376: [GC (Allocation Failure)  778444K->26996K(1415680K), 0.0036327 secs]
2016-02-07T04:44:18.286-0800: 894.864: [GC (Allocation Failure)  751476K->26996K(1389056K), 0.0032454 secs]
2016-02-07T04:44:18.756-0800: 895.334: [GC (Allocation Failure)  724852K->27124K(1363968K), 0.0025525 secs]
2016-02-07T04:44:19.211-0800: 895.788: [GC (Allocation Failure)  699892K->26924K(1338880K), 0.0037970 secs]
2016-02-07T04:44:19.647-0800: 896.224: [GC (Allocation Failure)  675628K->27492K(1316864K), 0.0027540 secs]
2016-02-07T04:44:20.066-0800: 896.643: [GC (Allocation Failure)  653156K->27588K(1294848K), 0.0027194 secs]
2016-02-07T04:44:20.471-0800: 897.049: [GC (Allocation Failure)  631236K->27652K(1273856K), 0.0025532 secs]
2016-02-07T04:44:20.863-0800: 897.440: [GC (Allocation Failure)  610308K->27460K(1252864K), 0.0027954 secs]
2016-02-07T04:44:21.244-0800: 897.821: [GC (Allocation Failure)  590148K->28180K(1234944K), 0.0020884 secs]
2016-02-07T04:44:21.608-0800: 898.185: [GC (Allocation Failure)  571924K->28212K(1217024K), 0.0027454 secs]
2016-02-07T04:44:21.962-0800: 898.539: [GC (Allocation Failure)  554036K->28148K(1199616K), 0.0031449 secs]
2016-02-07T04:44:22.305-0800: 898.882: [GC (Allocation Failure)  536564K->28252K(1182208K), 0.0031212 secs]
2016-02-07T04:44:22.638-0800: 899.216: [GC (Allocation Failure)  520284K->29084K(1167360K), 0.0025847 secs]
2016-02-07T04:44:22.962-0800: 899.539: [GC (Allocation Failure)  505244K->29132K(1152000K), 0.0032937 secs]
2016-02-07T04:44:23.273-0800: 899.850: [GC (Allocation Failure)  489932K->29036K(1137664K), 0.0026360 secs]
2016-02-07T04:44:23.573-0800: 900.150: [GC (Allocation Failure)  475500K->28996K(1122816K), 0.0029810 secs]
2016-02-07T04:44:23.864-0800: 900.442: [GC (Allocation Failure)  461636K->29620K(1110528K), 0.0031740 secs]
2016-02-07T04:44:24.146-0800: 900.724: [GC (Allocation Failure)  448948K->29660K(1097728K), 0.0024727 secs]
2016-02-07T04:44:24.421-0800: 900.998: [GC (Allocation Failure)  436188K->29756K(1085440K), 0.0027305 secs]
2016-02-07T04:44:24.686-0800: 901.264: [GC (Allocation Failure)  423996K->29684K(1072640K), 0.0026381 secs]
2016-02-07T04:44:24.945-0800: 901.522: [GC (Allocation Failure)  412148K->30452K(1062400K), 0.0029762 secs]
2016-02-07T04:44:25.194-0800: 901.772: [GC (Allocation Failure)  401652K->30292K(1136128K), 0.0034366 secs]
2016-02-07T04:44:25.494-0800: 902.072: [GC (Allocation Failure)  475732K->30324K(1225728K), 0.0033268 secs]
2016-02-07T04:44:25.854-0800: 902.432: [GC (Allocation Failure)  564852K->30364K(1207296K), 0.0023055 secs]
2016-02-07T04:44:26.294-0800: 902.871: [GC (Allocation Failure)  546972K->30468K(1190912K), 0.0030835 secs]
2016-02-07T04:44:26.629-0800: 903.207: [GC (Allocation Failure)  530180K->30404K(1174016K), 0.0040685 secs]
2016-02-07T04:44:26.956-0800: 903.533: [GC (Allocation Failure)  513732K->30372K(1158656K), 0.0031856 secs]
2016-02-07T04:44:27.277-0800: 903.854: [GC (Allocation Failure)  498340K->30692K(1144320K), 0.0028230 secs]
2016-02-07T04:44:27.838-0800: 904.416: [GC (Allocation Failure)  483812K->30468K(1129984K), 0.0042446 secs]
2016-02-07T04:44:28.138-0800: 904.715: [GC (Allocation Failure)  469252K->30316K(1115648K), 0.0031520 secs]
2016-02-07T04:44:28.424-0800: 905.001: [GC (Allocation Failure)  455788K->30908K(1202176K), 0.0048326 secs]
2016-02-07T04:44:28.768-0800: 905.346: [GC (Allocation Failure)  541884K->31004K(1304576K), 0.0027560 secs]
2016-02-07T04:44:29.180-0800: 905.758: [GC (Allocation Failure)  644380K->31100K(1283072K), 0.0037859 secs]
2016-02-07T04:44:29.578-0800: 906.155: [GC (Allocation Failure)  622972K->30940K(1400832K), 0.0048720 secs]
2016-02-07T04:44:30.056-0800: 906.634: [GC (Allocation Failure)  741596K->31540K(1544192K), 0.0046870 secs]
2016-02-07T04:44:30.630-0800: 907.207: [GC (Allocation Failure)  884532K->31668K(1511936K), 0.0035864 secs]
2016-02-07T04:44:31.180-0800: 907.758: [GC (Allocation Failure)  852404K->31700K(1481216K), 0.0030599 secs]
2016-02-07T04:44:31.710-0800: 908.288: [GC (Allocation Failure)  821716K->31620K(1450496K), 0.0030524 secs]
2016-02-07T04:44:32.220-0800: 908.797: [GC (Allocation Failure)  791940K->32180K(1423360K), 0.0043100 secs]
2016-02-07T04:44:32.713-0800: 909.290: [GC (Allocation Failure)  764340K->32404K(1396736K), 0.0025911 secs]
2016-02-07T04:44:33.186-0800: 909.764: [GC (Allocation Failure)  737940K->32212K(1371136K), 0.0040730 secs]
2016-02-07T04:44:33.643-0800: 910.221: [GC (Allocation Failure)  712148K->32284K(1345536K), 0.0038782 secs]
2016-02-07T04:44:34.087-0800: 910.664: [GC (Allocation Failure)  687644K->33164K(1323520K), 0.0030435 secs]
2016-02-07T04:44:34.510-0800: 911.087: [GC (Allocation Failure)  665484K->32972K(1301504K), 0.0028915 secs]
2016-02-07T04:44:34.919-0800: 911.496: [GC (Allocation Failure)  643276K->33100K(1280512K), 0.0027860 secs]
2016-02-07T04:44:35.313-0800: 911.891: [GC (Allocation Failure)  622412K->32948K(1259008K), 0.0029762 secs]
2016-02-07T04:44:35.695-0800: 912.272: [GC (Allocation Failure)  601780K->33604K(1240576K), 0.0030570 secs]
2016-02-07T04:44:36.125-0800: 912.703: [GC (Allocation Failure)  582980K->33732K(1222144K), 0.0025137 secs]
2016-02-07T04:44:36.482-0800: 913.060: [GC (Allocation Failure)  564676K->33764K(1204736K), 0.0035048 secs]
2016-02-07T04:44:36.831-0800: 913.409: [GC (Allocation Failure)  547300K->33604K(1186816K), 0.0032952 secs]
2016-02-07T04:44:37.167-0800: 913.744: [GC (Allocation Failure)  530244K->34316K(1171968K), 0.0031637 secs]
2016-02-07T04:44:37.491-0800: 914.069: [GC (Allocation Failure)  515084K->34348K(1156608K), 0.0026748 secs]
2016-02-07T04:44:37.804-0800: 914.381: [GC (Allocation Failure)  499756K->34156K(1141248K), 0.0035243 secs]
2016-02-07T04:44:38.114-0800: 914.691: [GC (Allocation Failure)  484716K->34260K(1127424K), 0.0028303 secs]
2016-02-07T04:44:38.412-0800: 914.990: [GC (Allocation Failure)  470996K->34444K(1114624K), 0.0042012 secs]
2016-02-07T04:44:38.701-0800: 915.279: [GC (Allocation Failure)  457868K->34356K(1199104K), 0.0032458 secs]
2016-02-07T04:44:39.046-0800: 915.623: [GC (Allocation Failure)  542772K->34460K(1301504K), 0.0039333 secs]
2016-02-07T04:44:39.460-0800: 916.037: [GC (Allocation Failure)  644764K->34508K(1280000K), 0.0032029 secs]
2016-02-07T04:44:39.859-0800: 916.437: [GC (Allocation Failure)  623820K->34604K(1260032K), 0.0029854 secs]
2016-02-07T04:44:40.241-0800: 916.819: [GC (Allocation Failure)  603436K->34588K(1240064K), 0.0029463 secs]
2016-02-07T04:44:40.624-0800: 917.202: [GC (Allocation Failure)  583964K->34580K(1221632K), 0.0042616 secs]
2016-02-07T04:44:45.372-0800: 921.949: [GC (Allocation Failure)  565524K->35684K(1204736K), 0.0050128 secs]
2016-02-07T04:44:45.744-0800: 922.321: [GC (Allocation Failure)  549220K->36324K(1187840K), 0.0065601 secs]
2016-02-07T04:44:46.141-0800: 922.718: [GC (Allocation Failure)  532964K->36388K(1171456K), 0.0039977 secs]
2016-02-07T04:44:46.473-0800: 923.051: [GC (Allocation Failure)  517156K->37948K(1157120K), 0.0035332 secs]
2016-02-07T04:44:46.795-0800: 923.372: [GC (Allocation Failure)  503356K->38436K(1249792K), 0.0045467 secs]
2016-02-07T04:44:47.181-0800: 923.759: [GC (Allocation Failure)  597028K->38852K(1362432K), 0.0048461 secs]
2016-02-07T04:44:47.647-0800: 924.224: [GC (Allocation Failure)  709572K->38852K(1496576K), 0.0042010 secs]
2016-02-07T04:44:48.197-0800: 924.775: [GC (Allocation Failure)  843716K->38980K(1466368K), 0.0045203 secs]
2016-02-07T04:44:48.727-0800: 925.304: [GC (Allocation Failure)  813636K->38796K(1437184K), 0.0036830 secs]
2016-02-07T04:44:49.236-0800: 925.813: [GC (Allocation Failure)  784780K->39260K(1410048K), 0.0041468 secs]
2016-02-07T04:44:49.726-0800: 926.304: [GC (Allocation Failure)  757596K->39420K(1384448K), 0.0058655 secs]
2016-02-07T04:44:50.201-0800: 926.778: [GC (Allocation Failure)  731644K->39324K(1358848K), 0.0043361 secs]
2016-02-07T04:44:50.657-0800: 927.235: [GC (Allocation Failure)  706460K->39292K(1335296K), 0.0049166 secs]
2016-02-07T04:44:51.098-0800: 927.676: [GC (Allocation Failure)  682876K->39196K(1312768K), 0.0032881 secs]
2016-02-07T04:44:51.522-0800: 928.100: [GC (Allocation Failure)  660252K->39260K(1291264K), 0.0033865 secs]
2016-02-07T04:44:51.934-0800: 928.512: [GC (Allocation Failure)  638812K->39228K(1270784K), 0.0050152 secs]
2016-02-07T04:44:52.331-0800: 928.908: [GC (Allocation Failure)  618300K->39356K(1250816K), 0.0040348 secs]
2016-02-07T04:44:52.718-0800: 929.295: [GC (Allocation Failure)  598460K->39356K(1231872K), 0.0046403 secs]
2016-02-07T04:44:53.143-0800: 929.720: [GC (Allocation Failure)  579516K->39292K(1213952K), 0.0030173 secs]
2016-02-07T04:44:53.499-0800: 930.077: [GC (Allocation Failure)  561532K->39260K(1196544K), 0.0047015 secs]
2016-02-07T04:44:53.846-0800: 930.424: [GC (Allocation Failure)  544092K->39356K(1297920K), 0.0039948 secs]
2016-02-07T04:44:54.260-0800: 930.838: [GC (Allocation Failure)  645564K->39260K(1419264K), 0.0047870 secs]
2016-02-07T04:44:54.756-0800: 931.334: [GC (Allocation Failure)  766812K->39228K(1392640K), 0.0031091 secs]
2016-02-07T04:44:55.234-0800: 931.812: [GC (Allocation Failure)  740156K->39292K(1367040K), 0.0057716 secs]
2016-02-07T04:44:55.698-0800: 932.275: [GC (Allocation Failure)  714620K->39228K(1342464K), 0.0032940 secs]
2016-02-07T04:44:56.145-0800: 932.723: [GC (Allocation Failure)  690492K->39612K(1319936K), 0.0033895 secs]
2016-02-07T04:44:56.576-0800: 933.153: [GC (Allocation Failure)  667836K->39612K(1297920K), 0.0033998 secs]
2016-02-07T04:44:56.990-0800: 933.567: [GC (Allocation Failure)  645820K->39644K(1276928K), 0.0038205 secs]
2016-02-07T04:44:57.390-0800: 933.968: [GC (Allocation Failure)  624860K->39604K(1256448K), 0.0032149 secs]
2016-02-07T04:44:57.776-0800: 934.354: [GC (Allocation Failure)  604852K->40004K(1370112K), 0.0063402 secs]
2016-02-07T04:44:58.243-0800: 934.820: [GC (Allocation Failure)  718404K->40020K(1346048K), 0.0037400 secs]
2016-02-07T04:44:58.691-0800: 935.269: [GC (Allocation Failure)  694356K->40052K(1323008K), 0.0034450 secs]
2016-02-07T04:44:59.123-0800: 935.700: [GC (Allocation Failure)  671348K->39996K(1300480K), 0.0048354 secs]
2016-02-07T04:44:59.541-0800: 936.119: [GC (Allocation Failure)  649276K->40452K(1280000K), 0.0028863 secs]
2016-02-07T04:44:59.943-0800: 936.520: [GC (Allocation Failure)  628740K->40452K(1260032K), 0.0033934 secs]
2016-02-07T04:45:00.370-0800: 936.948: [GC (Allocation Failure)  608772K->40484K(1240576K), 0.0041095 secs]
2016-02-07T04:45:00.746-0800: 937.323: [GC (Allocation Failure)  589348K->40356K(1350144K), 0.0060315 secs]
2016-02-07T04:45:01.197-0800: 937.775: [GC (Allocation Failure)  699300K->40932K(1327104K), 0.0030153 secs]
2016-02-07T04:45:01.629-0800: 938.206: [GC (Allocation Failure)  676324K->40868K(1304576K), 0.0025302 secs]
2016-02-07T04:45:02.045-0800: 938.622: [GC (Allocation Failure)  653732K->40836K(1283072K), 0.0053281 secs]
2016-02-07T04:45:02.451-0800: 939.028: [GC (Allocation Failure)  632196K->40708K(1400832K), 0.0123161 secs]
2016-02-07T04:45:02.951-0800: 939.528: [GC (Allocation Failure)  750340K->41012K(1543680K), 0.0034913 secs]
2016-02-07T04:45:03.534-0800: 940.111: [GC (Allocation Failure)  892980K->41012K(1714176K), 0.0040270 secs]
2016-02-07T04:45:04.232-0800: 940.810: [GC (Allocation Failure)  1063476K->41108K(1673728K), 0.0037479 secs]
2016-02-07T04:45:04.903-0800: 941.480: [GC (Allocation Failure)  1023124K->41012K(1634816K), 0.0061089 secs]
2016-02-07T04:45:05.549-0800: 942.126: [GC (Allocation Failure)  984628K->41364K(1598464K), 0.0038395 secs]
2016-02-07T04:45:06.167-0800: 942.744: [GC (Allocation Failure)  948116K->41396K(1563648K), 0.0057625 secs]
2016-02-07T04:45:06.764-0800: 943.342: [GC (Allocation Failure)  913332K->41364K(1530368K), 0.0055668 secs]
2016-02-07T04:45:07.352-0800: 943.929: [GC (Allocation Failure)  880020K->41364K(1696768K), 0.0146534 secs]
2016-02-07T04:45:08.082-0800: 944.659: [GC (Allocation Failure)  1047956K->42764K(1900032K), 0.0078351 secs]
2016-02-07T04:45:08.912-0800: 945.490: [GC (Allocation Failure)  1251084K->42740K(2141696K), 0.0182038 secs]
2016-02-07T04:45:09.917-0800: 946.494: [GC (Allocation Failure)  1492724K->42772K(2432000K), 0.0149004 secs]
2016-02-07T04:45:11.114-0800: 947.691: [GC (Allocation Failure)  1783060K->42724K(2778624K), 0.0131449 secs]
2016-02-07T04:45:12.551-0800: 949.128: [GC (Allocation Failure)  2131172K->44068K(2869760K), 0.0134766 secs]
2016-02-07T04:45:14.044-0800: 950.621: [GC (Allocation Failure)  2222116K->44132K(3197952K), 0.0071574 secs]
2016-02-07T04:45:15.759-0800: 952.336: [GC (Allocation Failure)  2550372K->44132K(3084800K), 0.0093413 secs]
2016-02-07T04:45:17.390-0800: 953.968: [GC (Allocation Failure)  2437220K->44092K(2975744K), 0.0054627 secs]
2016-02-07T04:45:18.946-0800: 955.524: [GC (Allocation Failure)  2329660K->45476K(2874880K), 0.0076391 secs]
2016-02-07T04:45:20.437-0800: 957.014: [GC (Allocation Failure)  2228644K->45572K(2777600K), 0.0037444 secs]
2016-02-07T04:45:21.859-0800: 958.436: [GC (Allocation Failure)  2131460K->45476K(2684928K), 0.0126723 secs]
2016-02-07T04:45:23.224-0800: 959.802: [GC (Allocation Failure)  2038692K->45484K(2595328K), 0.0041299 secs]
2016-02-07T04:45:24.522-0800: 961.100: [GC (Allocation Failure)  1950636K->46828K(2513408K), 0.0057132 secs]
2016-02-07T04:45:25.765-0800: 962.343: [GC (Allocation Failure)  1868524K->46836K(2434048K), 0.0040883 secs]
2016-02-07T04:45:26.951-0800: 963.528: [GC (Allocation Failure)  1789172K->46868K(2358272K), 0.0046104 secs]
2016-02-07T04:45:28.088-0800: 964.666: [GC (Allocation Failure)  1713428K->46828K(2285056K), 0.0050578 secs]
2016-02-07T04:45:29.175-0800: 965.753: [GC (Allocation Failure)  1641708K->48172K(2217984K), 0.0094395 secs]
2016-02-07T04:45:30.224-0800: 966.801: [GC (Allocation Failure)  1574444K->48212K(2152960K), 0.0086820 secs]
2016-02-07T04:45:31.223-0800: 967.800: [GC (Allocation Failure)  1509460K->48244K(2091008K), 0.0061561 secs]
2016-02-07T04:45:32.179-0800: 968.756: [GC (Allocation Failure)  1447540K->48204K(2030592K), 0.0125959 secs]
2016-02-07T04:45:37.454-0800: 974.031: [GC (Allocation Failure)  1388620K->52964K(1976320K), 0.0052664 secs]
2016-02-07T04:45:38.349-0800: 974.927: [GC (Allocation Failure)  1337572K->57124K(1923072K), 0.0046277 secs]
2016-02-07T04:45:39.216-0800: 975.794: [GC (Allocation Failure)  1288484K->59356K(1874432K), 0.0048322 secs]
2016-02-07T04:45:40.041-0800: 976.619: [GC (Allocation Failure)  1240028K->59316K(1825792K), 0.0070259 secs]
2016-02-07T04:45:40.837-0800: 977.415: [GC (Allocation Failure)  1191860K->59404K(1780224K), 0.0105869 secs]
2016-02-07T04:45:41.599-0800: 978.176: [GC (Allocation Failure)  1145868K->59284K(1735680K), 0.0044907 secs]
2016-02-07T04:45:42.321-0800: 978.898: [GC (Allocation Failure)  1102228K->59916K(1695232K), 0.0131264 secs]
2016-02-07T04:45:43.024-0800: 979.601: [GC (Allocation Failure)  1061388K->59836K(1895424K), 0.0269072 secs]
2016-02-07T04:45:43.880-0800: 980.457: [GC (Allocation Failure)  1262012K->59844K(2136064K), 0.0081952 secs]
2016-02-07T04:45:44.881-0800: 981.459: [GC (Allocation Failure)  1502660K->59844K(2424832K), 0.0100372 secs]
2016-02-07T04:45:46.083-0800: 982.660: [GC (Allocation Failure)  1791428K->59908K(2771968K), 0.0089240 secs]
2016-02-07T04:45:47.525-0800: 984.102: [GC (Allocation Failure)  2138116K->59804K(2678784K), 0.0045326 secs]
2016-02-07T04:45:48.898-0800: 985.475: [GC (Allocation Failure)  2045852K->60380K(2592256K), 0.0046687 secs]
2016-02-07T04:45:50.208-0800: 986.786: [GC (Allocation Failure)  1958876K->60348K(2508288K), 0.0089489 secs]
2016-02-07T04:45:51.468-0800: 988.046: [GC (Allocation Failure)  1875388K->60412K(2429440K), 0.0042873 secs]
2016-02-07T04:45:52.666-0800: 989.244: [GC (Allocation Failure)  1796092K->60284K(2353152K), 0.0048667 secs]
2016-02-07T04:45:53.815-0800: 990.393: [GC (Allocation Failure)  1720700K->60820K(2281984K), 0.0043795 secs]
2016-02-07T04:45:54.914-0800: 991.491: [GC (Allocation Failure)  1649556K->60884K(2214400K), 0.0087633 secs]
2016-02-07T04:45:55.975-0800: 992.552: [GC (Allocation Failure)  1581524K->60820K(2149376K), 0.0129376 secs]
2016-02-07T04:45:56.990-0800: 993.568: [GC (Allocation Failure)  1516948K->60740K(2087424K), 0.0044725 secs]
2016-02-07T04:45:57.955-0800: 994.532: [GC (Allocation Failure)  1455428K->61268K(2029568K), 0.0127028 secs]
2016-02-07T04:45:58.886-0800: 995.463: [GC (Allocation Failure)  1397588K->61196K(1973248K), 0.0078218 secs]
2016-02-07T04:45:59.773-0800: 996.350: [GC (Allocation Failure)  1341708K->61756K(1921024K), 0.0084224 secs]
2016-02-07T04:46:00.625-0800: 997.202: [GC (Allocation Failure)  1289020K->61732K(1869312K), 0.0093554 secs]
2016-02-07T04:46:01.444-0800: 998.021: [GC (Allocation Failure)  1238820K->62812K(2106368K), 0.0113194 secs]
2016-02-07T04:46:02.428-0800: 999.006: [GC (Allocation Failure)  1475420K->62796K(2045952K), 0.0063252 secs]
2016-02-07T04:46:03.365-0800: 999.943: [GC (Allocation Failure)  1416012K->63372K(1990656K), 0.0078038 secs]
2016-02-07T04:46:04.265-0800: 1000.843: [GC (Allocation Failure)  1360268K->63356K(1935360K), 0.0040170 secs]
2016-02-07T04:46:05.126-0800: 1001.704: [GC (Allocation Failure)  1306492K->64508K(1885696K), 0.0058529 secs]
2016-02-07T04:46:05.951-0800: 1002.529: [GC (Allocation Failure)  1256444K->64412K(1836032K), 0.0079297 secs]
2016-02-07T04:46:06.747-0800: 1003.324: [GC (Allocation Failure)  1207708K->64956K(1789952K), 0.0049804 secs]
2016-02-07T04:46:07.517-0800: 1004.094: [GC (Allocation Failure)  1161660K->64924K(1745408K), 0.0074903 secs]
2016-02-07T04:46:08.246-0800: 1004.824: [GC (Allocation Failure)  1117596K->65484K(1704448K), 0.0089659 secs]
2016-02-07T04:46:08.955-0800: 1005.532: [GC (Allocation Failure)  1076172K->65476K(1661952K), 0.0035807 secs]
2016-02-07T04:46:09.623-0800: 1006.201: [GC (Allocation Failure)  1036228K->67612K(1626624K), 0.0050851 secs]
2016-02-07T04:46:10.267-0800: 1006.845: [GC (Allocation Failure)  1000476K->67540K(1589248K), 0.0045861 secs]
2016-02-07T04:46:10.886-0800: 1007.464: [GC (Allocation Failure)  964052K->68076K(1555456K), 0.0041272 secs]
2016-02-07T04:46:11.482-0800: 1008.059: [GC (Allocation Failure)  930284K->68108K(1521152K), 0.0053816 secs]
2016-02-07T04:46:12.055-0800: 1008.632: [GC (Allocation Failure)  897548K->69676K(1491456K), 0.0086340 secs]
2016-02-07T04:46:12.611-0800: 1009.189: [GC (Allocation Failure)  867884K->69668K(1461248K), 0.0043757 secs]
2016-02-07T04:46:13.142-0800: 1009.720: [GC (Allocation Failure)  838180K->70204K(1615872K), 0.0095156 secs]
2016-02-07T04:46:13.784-0800: 1010.362: [GC (Allocation Failure)  992828K->70164K(1799168K), 0.0094092 secs]
2016-02-07T04:46:14.554-0800: 1011.131: [GC (Allocation Failure)  1177620K->71900K(2022912K), 0.0047169 secs]
2016-02-07T04:46:15.473-0800: 1012.051: [GC (Allocation Failure)  1401052K->71684K(1966080K), 0.0044332 secs]
2016-02-07T04:46:16.354-0800: 1012.932: [GC (Allocation Failure)  1345540K->72756K(1914880K), 0.0042683 secs]
2016-02-07T04:46:17.196-0800: 1013.773: [GC (Allocation Failure)  1293876K->72700K(1862656K), 0.0052784 secs]
2016-02-07T04:46:18.004-0800: 1014.581: [GC (Allocation Failure)  1243644K->74436K(1817088K), 0.0045068 secs]
2016-02-07T04:46:18.783-0800: 1015.360: [GC (Allocation Failure)  1197764K->74244K(1769984K), 0.0047244 secs]
2016-02-07T04:46:19.531-0800: 1016.108: [GC (Allocation Failure)  1152004K->75268K(1728000K), 0.0046019 secs]
2016-02-07T04:46:20.247-0800: 1016.825: [GC (Allocation Failure)  1110020K->75268K(1686016K), 0.0107991 secs]
2016-02-07T04:46:20.941-0800: 1017.519: [GC (Allocation Failure)  1069060K->76396K(1648128K), 0.0052367 secs]
2016-02-07T04:46:21.602-0800: 1018.179: [GC (Allocation Failure)  1030764K->76292K(1608704K), 0.0093533 secs]
2016-02-07T04:46:22.240-0800: 1018.817: [GC (Allocation Failure)  993284K->77860K(1574912K), 0.0053907 secs]
2016-02-07T04:46:22.852-0800: 1019.430: [GC (Allocation Failure)  959524K->77804K(1751040K), 0.0110934 secs]
2016-02-07T04:46:23.591-0800: 1020.168: [GC (Allocation Failure)  1136108K->78460K(1964032K), 0.0072904 secs]
2016-02-07T04:46:24.469-0800: 1021.047: [GC (Allocation Failure)  1348732K->78332K(2215936K), 0.0136693 secs]
2016-02-07T04:46:29.879-0800: 1026.456: [GC (Allocation Failure)  1603068K->85172K(2153472K), 0.0061490 secs]
2016-02-07T04:46:30.929-0800: 1027.506: [GC (Allocation Failure)  1544884K->92596K(2090496K), 0.0057149 secs]
2016-02-07T04:46:31.945-0800: 1028.522: [GC (Allocation Failure)  1490356K->96692K(2035200K), 0.0104303 secs]
2016-02-07T04:46:32.928-0800: 1029.505: [GC (Allocation Failure)  1435572K->98148K(2303488K), 0.0197304 secs]
2016-02-07T04:46:34.121-0800: 1030.698: [GC (Allocation Failure)  1704804K->98836K(2625024K), 0.0305941 secs]
2016-02-07T04:46:35.559-0800: 1032.137: [GC (Allocation Failure)  2027028K->98764K(3008512K), 0.0116949 secs]
2016-02-07T04:46:37.259-0800: 1033.837: [GC (Allocation Failure)  2413004K->101452K(3109888K), 0.0050574 secs]
2016-02-07T04:46:39.023-0800: 1035.600: [GC (Allocation Failure)  2511948K->101244K(2998784K), 0.0112570 secs]
2016-02-07T04:46:40.701-0800: 1037.278: [GC (Allocation Failure)  2403196K->101308K(2895360K), 0.0068428 secs]
2016-02-07T04:46:42.303-0800: 1038.881: [GC (Allocation Failure)  2299836K->101228K(2796544K), 0.0067964 secs]
2016-02-07T04:46:43.831-0800: 1040.409: [GC (Allocation Failure)  2201452K->101740K(2703872K), 0.0073317 secs]
2016-02-07T04:46:45.295-0800: 1041.873: [GC (Allocation Failure)  2108780K->101860K(2615296K), 0.0052834 secs]
2016-02-07T04:46:46.698-0800: 1043.275: [GC (Allocation Failure)  2020324K->101852K(2530816K), 0.0132282 secs]
2016-02-07T04:46:48.039-0800: 1044.617: [GC (Allocation Failure)  1935836K->101732K(2897408K), 0.0368187 secs]
2016-02-07T04:46:49.669-0800: 1046.246: [GC (Allocation Failure)  2302820K->102396K(3338752K), 0.0144606 secs]
2016-02-07T04:46:51.597-0800: 1048.174: [GC (Allocation Failure)  2743804K->102300K(3216896K), 0.0051653 secs]
2016-02-07T04:46:53.433-0800: 1050.011: [GC (Allocation Failure)  2623900K->103788K(3104256K), 0.0067203 secs]
2016-02-07T04:46:55.191-0800: 1051.768: [GC (Allocation Failure)  2511212K->103940K(2995712K), 0.0056240 secs]
2016-02-07T04:46:56.871-0800: 1053.448: [GC (Allocation Failure)  2402820K->103948K(2892800K), 0.0067346 secs]
2016-02-07T04:46:58.470-0800: 1055.047: [GC (Allocation Failure)  2299916K->103836K(2793472K), 0.0049668 secs]
2016-02-07T04:47:00.000-0800: 1056.577: [GC (Allocation Failure)  2202012K->105292K(2701824K), 0.0063826 secs]
2016-02-07T04:47:01.459-0800: 1058.036: [GC (Allocation Failure)  2110284K->105276K(2612224K), 0.0098533 secs]
2016-02-07T04:47:02.858-0800: 1059.436: [GC (Allocation Failure)  2021692K->106300K(2529280K), 0.0053820 secs]
2016-02-07T04:47:04.202-0800: 1060.779: [GC (Allocation Failure)  1938748K->106236K(2447872K), 0.0100229 secs]
2016-02-07T04:47:05.517-0800: 1062.095: [GC (Allocation Failure)  1858812K->107772K(2373120K), 0.0093065 secs]
2016-02-07T04:47:06.760-0800: 1063.337: [GC (Allocation Failure)  1784060K->107692K(2298880K), 0.0132054 secs]
2016-02-07T04:47:07.944-0800: 1064.521: [GC (Allocation Failure)  1711788K->109748K(2232320K), 0.0078451 secs]
2016-02-07T04:47:09.083-0800: 1065.661: [GC (Allocation Failure)  1645236K->109652K(2165248K), 0.0094054 secs]
2016-02-07T04:47:10.199-0800: 1066.776: [GC (Allocation Failure)  1579604K->111076K(2104320K), 0.0134880 secs]
2016-02-07T04:47:11.424-0800: 1068.002: [GC (Allocation Failure)  1518564K->111220K(2042880K), 0.0079892 secs]
2016-02-07T04:47:12.424-0800: 1069.002: [GC (Allocation Failure)  1459316K->113380K(2314752K), 0.0342661 secs]
2016-02-07T04:47:13.802-0800: 1070.380: [GC (Allocation Failure)  1731300K->113292K(2635776K), 0.0044734 secs]
2016-02-07T04:47:15.228-0800: 1071.805: [GC (Allocation Failure)  2054796K->115916K(2552832K), 0.0056726 secs]
2016-02-07T04:47:16.662-0800: 1073.240: [GC (Allocation Failure)  1971916K->115820K(2469376K), 0.0105962 secs]
2016-02-07T04:47:18.182-0800: 1074.760: [GC (Allocation Failure)  1890412K->117884K(2394112K), 0.0122267 secs]
2016-02-07T04:47:19.606-0800: 1076.183: [GC (Allocation Failure)  1815164K->117812K(2318336K), 0.0051644 secs]
2016-02-07T04:47:20.848-0800: 1077.425: [GC (Allocation Failure)  1741876K->120300K(2251264K), 0.0076810 secs]
2016-02-07T04:47:26.942-0800: 1083.520: [GC (Allocation Failure)  1674732K->130756K(2182656K), 0.0087561 secs]
2016-02-07T04:47:28.175-0800: 1084.753: [GC (Allocation Failure)  1618628K->149220K(2126336K), 0.0139165 secs]
2016-02-07T04:47:29.533-0800: 1086.111: [GC (Allocation Failure)  1574116K->155916K(2061824K), 0.0108499 secs]
2016-02-07T04:47:30.864-0800: 1087.442: [GC (Allocation Failure)  1520908K->163020K(2011648K), 0.0106462 secs]
2016-02-07T04:47:32.132-0800: 1088.710: [GC (Allocation Failure)  1470668K->163052K(1957376K), 0.0075096 secs]
2016-02-07T04:47:33.388-0800: 1089.966: [GC (Allocation Failure)  1416428K->163116K(1905664K), 0.0168813 secs]
2016-02-07T04:47:34.578-0800: 1091.156: [GC (Allocation Failure)  1364780K->163084K(1854976K), 0.0073522 secs]
2016-02-07T04:47:35.713-0800: 1092.291: [GC (Allocation Failure)  1315596K->164804K(1809920K), 0.0087494 secs]
2016-02-07T04:47:36.826-0800: 1093.404: [GC (Allocation Failure)  1270724K->164644K(1765376K), 0.0075580 secs]
2016-02-07T04:47:37.892-0800: 1094.470: [GC (Allocation Failure)  1226020K->164612K(1722880K), 0.0193805 secs]
2016-02-07T04:47:38.907-0800: 1095.485: [GC (Allocation Failure)  1183492K->164596K(1680896K), 0.0088674 secs]
2016-02-07T04:47:39.882-0800: 1096.459: [GC (Allocation Failure)  1143028K->166180K(1878528K), 0.0145025 secs]
2016-02-07T04:47:41.102-0800: 1097.679: [GC (Allocation Failure)  1340708K->165988K(1830400K), 0.0075830 secs]
2016-02-07T04:47:42.264-0800: 1098.841: [GC (Allocation Failure)  1292388K->166084K(1784832K), 0.0120691 secs]
2016-02-07T04:47:43.346-0800: 1099.924: [GC (Allocation Failure)  1246916K->165964K(1738752K), 0.0083797 secs]
2016-02-07T04:47:44.379-0800: 1100.956: [GC (Allocation Failure)  1203276K->168284K(1699840K), 0.0089172 secs]
2016-02-07T04:47:45.390-0800: 1101.967: [GC (Allocation Failure)  1164124K->168172K(1659392K), 0.0095504 secs]
2016-02-07T04:47:46.351-0800: 1102.928: [GC (Allocation Failure)  1124588K->169020K(1623040K), 0.0103098 secs]
2016-02-07T04:47:47.277-0800: 1103.855: [GC (Allocation Failure)  1088060K->169084K(1583616K), 0.0090593 secs]
2016-02-07T04:47:48.173-0800: 1104.751: [GC (Allocation Failure)  1052284K->172388K(1553408K), 0.0102515 secs]
2016-02-07T04:47:49.052-0800: 1105.630: [GC (Allocation Failure)  1021796K->172316K(1519104K), 0.0084559 secs]
2016-02-07T04:47:49.894-0800: 1106.472: [GC (Allocation Failure)  989468K->174132K(1490432K), 0.0099888 secs]
2016-02-07T04:47:50.701-0800: 1107.278: [GC (Allocation Failure)  960564K->174148K(1456640K), 0.0074093 secs]
2016-02-07T04:47:51.460-0800: 1108.037: [GC (Allocation Failure)  931396K->178676K(1612800K), 0.0152981 secs]
2016-02-07T04:47:52.380-0800: 1108.958: [GC (Allocation Failure)  1087476K->178548K(1791488K), 0.0095978 secs]
2016-02-07T04:47:53.480-0800: 1110.057: [GC (Allocation Failure)  1269108K->181388K(2012672K), 0.0084059 secs]
2016-02-07T04:47:54.804-0800: 1111.381: [GC (Allocation Failure)  1490060K->181452K(1952768K), 0.0089472 secs]
2016-02-07T04:47:56.079-0800: 1112.657: [GC (Allocation Failure)  1435852K->186756K(1906688K), 0.0099554 secs]
2016-02-07T04:47:57.335-0800: 1113.913: [GC (Allocation Failure)  1389444K->186812K(1854464K), 0.0103110 secs]
2016-02-07T04:47:58.532-0800: 1115.109: [GC (Allocation Failure)  1340348K->189700K(1810432K), 0.0080436 secs]
2016-02-07T04:47:59.649-0800: 1116.226: [GC (Allocation Failure)  1296132K->189708K(1759232K), 0.0090533 secs]
2016-02-07T04:48:00.736-0800: 1117.313: [GC (Allocation Failure)  1251596K->196156K(1723392K), 0.0119312 secs]
2016-02-07T04:48:01.775-0800: 1118.353: [GC (Allocation Failure)  1215548K->196076K(1679872K), 0.0098761 secs]
2016-02-07T04:48:02.775-0800: 1119.352: [GC (Allocation Failure)  1175020K->198868K(1644544K), 0.0087887 secs]
2016-02-07T04:48:03.738-0800: 1120.315: [GC (Allocation Failure)  1139412K->198988K(1600000K), 0.0106148 secs]
2016-02-07T04:48:04.657-0800: 1121.234: [GC (Allocation Failure)  1102668K->206620K(1572864K), 0.0090764 secs]
2016-02-07T04:48:05.560-0800: 1122.137: [GC (Allocation Failure)  1075484K->206460K(1536512K), 0.0086861 secs]
2016-02-07T04:48:06.436-0800: 1123.014: [GC (Allocation Failure)  1042044K->209380K(1507840K), 0.0090482 secs]
2016-02-07T04:48:07.271-0800: 1123.848: [GC (Allocation Failure)  1013220K->209484K(1468928K), 0.0092118 secs]
2016-02-07T04:48:08.062-0800: 1124.639: [GC (Allocation Failure)  983116K->217908K(1448960K), 0.0093345 secs]
2016-02-07T04:48:08.830-0800: 1125.408: [GC (Allocation Failure)  962868K->217980K(1594880K), 0.0154990 secs]
2016-02-07T04:48:09.779-0800: 1126.357: [GC (Allocation Failure)  1111932K->220964K(1777152K), 0.0122964 secs]
2016-02-07T04:48:10.902-0800: 1127.480: [GC (Allocation Failure)  1294116K->221028K(1983488K), 0.0165060 secs]
2016-02-07T04:48:12.225-0800: 1128.803: [GC (Allocation Failure)  1509220K->229396K(2250240K), 0.0122840 secs]
2016-02-07T04:48:13.853-0800: 1130.430: [GC (Allocation Failure)  1775636K->229532K(2556416K), 0.0139618 secs]
2016-02-07T04:48:15.823-0800: 1132.401: [GC (Allocation Failure)  2085020K->232644K(2478080K), 0.0102170 secs]
2016-02-07T04:48:17.736-0800: 1134.313: [GC (Allocation Failure)  2006724K->232716K(2391040K), 0.0108368 secs]
2016-02-07T04:48:19.523-0800: 1136.101: [GC (Allocation Failure)  1929484K->242308K(2327552K), 0.0183159 secs]
2016-02-07T04:48:21.280-0800: 1137.857: [GC (Allocation Failure)  1865860K->242188K(2254848K), 0.0104874 secs]
2016-02-07T04:48:22.936-0800: 1139.513: [GC (Allocation Failure)  1796108K->245028K(2191360K), 0.0087641 secs]
2016-02-07T04:48:24.539-0800: 1141.116: [GC (Allocation Failure)  1732388K->245156K(2118656K), 0.0108681 secs]
2016-02-07T04:48:26.077-0800: 1142.654: [GC (Allocation Failure)  1669540K->254580K(2068480K), 0.0250459 secs]
2016-02-07T04:48:27.511-0800: 1144.088: [GC (Allocation Failure)  1619060K->254628K(2008064K), 0.0095116 secs]
2016-02-07T04:48:28.904-0800: 1145.481: [GC (Allocation Failure)  1561764K->257380K(1956864K), 0.0094403 secs]
2016-02-07T04:48:30.243-0800: 1146.820: [GC (Allocation Failure)  1510244K->257572K(1895424K), 0.0188700 secs]
2016-02-07T04:48:31.516-0800: 1148.094: [GC (Allocation Failure)  1458724K->267140K(1856000K), 0.0123314 secs]
2016-02-07T04:48:32.748-0800: 1149.326: [GC (Allocation Failure)  1419140K->267012K(1806336K), 0.0114995 secs]
2016-02-07T04:48:33.925-0800: 1150.503: [GC (Allocation Failure)  1372420K->269812K(1764864K), 0.0082125 secs]
2016-02-07T04:48:35.043-0800: 1151.621: [GC (Allocation Failure)  1330676K->270020K(1712640K), 0.0078494 secs]
2016-02-07T04:48:36.100-0800: 1152.678: [GC (Allocation Failure)  1288388K->279564K(1681920K), 0.0082830 secs]
2016-02-07T04:48:42.401-0800: 1158.978: [GC (Allocation Failure)  1257484K->304636K(1640448K), 0.0188316 secs]
2016-02-07T04:48:42.885-0800: 1159.463: [GC (Allocation Failure)  1244156K->318540K(1834496K), 0.0145650 secs]
2016-02-07T04:48:43.542-0800: 1160.120: [GC (Allocation Failure)  1445964K->340948K(2062848K), 0.0177695 secs]
2016-02-07T04:48:44.607-0800: 1161.185: [GC (Allocation Failure)  1694164K->354300K(2341888K), 0.0187058 secs]
2016-02-07T04:48:46.071-0800: 1162.649: [GC (Allocation Failure)  1978364K->354660K(2653696K), 0.0156298 secs]
2016-02-07T04:48:47.682-0800: 1164.259: [GC (Allocation Failure)  2303844K->367796K(3057152K), 0.0156239 secs]
2016-02-07T04:48:49.798-0800: 1166.376: [GC (Allocation Failure)  2699956K->367932K(3064320K), 0.0152044 secs]
2016-02-07T04:48:51.887-0800: 1168.465: [GC (Allocation Failure)  2706236K->367836K(3065344K), 0.0129304 secs]
2016-02-07T04:48:54.073-0800: 1170.651: [GC (Allocation Failure)  2706140K->367868K(2951168K), 0.0198864 secs]
2016-02-07T04:48:56.028-0800: 1172.606: [GC (Allocation Failure)  2601212K->368028K(2851328K), 0.0187583 secs]
2016-02-07T04:48:57.917-0800: 1174.495: [GC (Allocation Failure)  2501532K->367868K(2749440K), 0.0167018 secs]
2016-02-07T04:48:59.664-0800: 1176.241: [GC (Allocation Failure)  2406652K->375084K(3164672K), 0.0226560 secs]
2016-02-07T04:49:01.816-0800: 1178.393: [GC (Allocation Failure)  2821932K->375028K(3474944K), 0.0237381 secs]
2016-02-07T04:49:04.297-0800: 1180.874: [GC (Allocation Failure)  3131124K->375124K(3347968K), 0.0144710 secs]
2016-02-07T04:49:06.651-0800: 1183.228: [GC (Allocation Failure)  3005268K->375468K(3211776K), 0.0130006 secs]
2016-02-07T04:49:08.929-0800: 1185.507: [GC (Allocation Failure)  2886316K->392228K(3115008K), 0.0118719 secs]
2016-02-07T04:49:11.111-0800: 1187.689: [GC (Allocation Failure)  2789412K->392340K(3006976K), 0.0169484 secs]
2016-02-07T04:49:13.061-0800: 1189.639: [GC (Allocation Failure)  2681492K->392148K(2904576K), 0.0174594 secs]
2016-02-07T04:49:15.062-0800: 1191.639: [GC (Allocation Failure)  2578900K->392444K(2799104K), 0.0152163 secs]
2016-02-07T04:49:17.001-0800: 1193.579: [GC (Allocation Failure)  2481916K->400692K(2714624K), 0.0151815 secs]
2016-02-07T04:49:18.825-0800: 1195.402: [GC (Allocation Failure)  2397492K->400452K(2624512K), 0.0110168 secs]
2016-02-07T04:49:20.642-0800: 1197.219: [GC (Allocation Failure)  2309188K->402644K(2542592K), 0.0142340 secs]
2016-02-07T04:49:22.282-0800: 1198.859: [GC (Allocation Failure)  2227412K->402652K(2453504K), 0.0231280 secs]
2016-02-07T04:49:23.853-0800: 1200.431: [GC (Allocation Failure)  2147548K->411628K(2386944K), 0.0167512 secs]
2016-02-07T04:49:25.465-0800: 1202.043: [GC (Allocation Failure)  2080748K->411796K(2310656K), 0.0121747 secs]
2016-02-07T04:49:26.971-0800: 1203.548: [GC (Allocation Failure)  2008724K->416244K(2246144K), 0.0164075 secs]
2016-02-07T04:49:28.265-0800: 1204.842: [GC (Allocation Failure)  1944564K->416628K(2169856K), 0.0174886 secs]
2016-02-07T04:49:29.685-0800: 1206.262: [GC (Allocation Failure)  1879924K->427740K(2119168K), 0.0135946 secs]
2016-02-07T04:49:30.875-0800: 1207.453: [GC (Allocation Failure)  1829084K->427804K(2394624K), 0.0174183 secs]
2016-02-07T04:49:32.356-0800: 1208.934: [GC (Allocation Failure)  2109724K->432804K(2736128K), 0.0144285 secs]
2016-02-07T04:49:34.246-0800: 1210.823: [GC (Allocation Failure)  2451108K->433044K(2634752K), 0.0161262 secs]
2016-02-07T04:49:36.054-0800: 1212.631: [GC (Allocation Failure)  2362260K->445236K(2562048K), 0.0146884 secs]
2016-02-07T04:49:37.697-0800: 1214.274: [GC (Allocation Failure)  2289460K->445508K(2475520K), 0.0141058 secs]
2016-02-07T04:49:39.204-0800: 1215.782: [GC (Allocation Failure)  2209348K->451972K(2404864K), 0.0166697 secs]
2016-02-07T04:49:40.716-0800: 1217.293: [GC (Allocation Failure)  2139012K->452500K(2318848K), 0.0127193 secs]
2016-02-07T04:49:42.209-0800: 1218.786: [GC (Allocation Failure)  2066836K->465748K(2263040K), 0.0116027 secs]
2016-02-07T04:49:43.550-0800: 1220.127: [GC (Allocation Failure)  2010964K->465828K(2189824K), 0.0174727 secs]
2016-02-07T04:49:50.265-0800: 1226.842: [GC (Allocation Failure)  1944996K->545228K(2137600K), 0.0425648 secs]
2016-02-07T04:49:51.335-0800: 1227.913: [GC (Allocation Failure)  1961932K->574308K(2400768K), 0.0337641 secs]
2016-02-07T04:49:52.685-0800: 1229.262: [GC (Allocation Failure)  2274660K->607196K(2774016K), 0.0229100 secs]
2016-02-07T04:49:54.472-0800: 1231.049: [GC (Allocation Failure)  2648028K->607180K(3165696K), 0.0197210 secs]
2016-02-07T04:49:56.518-0800: 1233.095: [GC (Allocation Failure)  3019212K->607340K(3165184K), 0.0287430 secs]
2016-02-07T04:49:58.546-0800: 1235.123: [GC (Allocation Failure)  3019372K->607276K(3646464K), 0.0217506 secs]
2016-02-07T04:50:01.018-0800: 1237.596: [GC (Allocation Failure)  3502124K->607276K(3646976K), 0.0180401 secs]
2016-02-07T04:50:03.494-0800: 1240.071: [GC (Allocation Failure)  3502124K->607564K(4224000K), 0.0209131 secs]
2016-02-07T04:50:06.577-0800: 1243.154: [GC (Allocation Failure)  4081484K->607372K(4046336K), 0.0274231 secs]
2016-02-07T04:50:09.365-0800: 1245.942: [GC (Allocation Failure)  3920012K->608372K(3866624K), 0.0203252 secs]
2016-02-07T04:50:12.213-0800: 1248.791: [GC (Allocation Failure)  3767412K->634148K(3746816K), 0.0212808 secs]
2016-02-07T04:50:14.897-0800: 1251.475: [GC (Allocation Failure)  3647268K->634140K(3608576K), 0.0197226 secs]
2016-02-07T04:50:17.448-0800: 1254.026: [GC (Allocation Failure)  3509020K->634140K(3476992K), 0.0220579 secs]
2016-02-07T04:50:19.878-0800: 1256.455: [GC (Allocation Failure)  3377436K->634388K(3336192K), 0.0241850 secs]
2016-02-07T04:50:22.307-0800: 1258.884: [GC (Allocation Failure)  3252756K->649972K(3233280K), 0.0234435 secs]
2016-02-07T04:50:24.475-0800: 1261.052: [GC (Allocation Failure)  3149556K->649764K(3117056K), 0.0253963 secs]
2016-02-07T04:50:26.625-0800: 1263.203: [GC (Allocation Failure)  3036196K->652364K(3012096K), 0.0254294 secs]
2016-02-07T04:50:28.651-0800: 1265.229: [GC (Allocation Failure)  2931276K->653492K(3450368K), 0.0227977 secs]
2016-02-07T04:50:31.062-0800: 1267.640: [GC (Allocation Failure)  3388596K->671788K(3343872K), 0.0238470 secs]
2016-02-07T04:50:33.343-0800: 1269.921: [GC (Allocation Failure)  3281964K->671956K(3218944K), 0.0218110 secs]
2016-02-07T04:50:35.541-0800: 1272.118: [GC (Allocation Failure)  3163860K->678628K(3112960K), 0.0251860 secs]
2016-02-07T04:50:37.697-0800: 1274.275: [GC (Allocation Failure)  3057892K->679028K(2985472K), 0.0215953 secs]
2016-02-07T04:50:39.755-0800: 1276.333: [GC (Allocation Failure)  2951284K->699196K(3460608K), 0.0310443 secs]
2016-02-07T04:50:42.252-0800: 1278.830: [GC (Allocation Failure)  3426108K->699644K(3948032K), 0.0263052 secs]
2016-02-07T04:50:42.279-0800: 1278.856: [Full GC (Ergonomics)  699644K->87105K(3636736K), 0.1083368 secs]
2016-02-07T04:50:46.512-0800: 1283.090: [GC (Allocation Failure)  3310145K->130497K(3495936K), 0.0320867 secs]
2016-02-07T04:50:50.379-0800: 1286.956: [GC (Allocation Failure)  3204545K->131681K(3318272K), 0.0217363 secs]
boauser@sr8:~/msf4j-perf/perf-builds$
